Archive member included to satisfy reference by file (symbol)

C:/ST/STM32CubeIDE_1.14.0/STM32CubeIDE/plugins/com.st.stm32cube.ide.mcu.externaltools.gnu-tools-for-stm32.11.3.rel1.win32_1.1.100.202309141235/tools/bin/../lib/gcc/arm-none-eabi/11.3.1/../../../../arm-none-eabi/lib/thumb/v7e-m+fp/hard\libc_nano.a(libc_a-exit.o)
                              C:/ST/STM32CubeIDE_1.14.0/STM32CubeIDE/plugins/com.st.stm32cube.ide.mcu.externaltools.gnu-tools-for-stm32.11.3.rel1.win32_1.1.100.202309141235/tools/bin/../lib/gcc/arm-none-eabi/11.3.1/../../../../arm-none-eabi/lib/thumb/v7e-m+fp/hard/crt0.o (exit)
C:/ST/STM32CubeIDE_1.14.0/STM32CubeIDE/plugins/com.st.stm32cube.ide.mcu.externaltools.gnu-tools-for-stm32.11.3.rel1.win32_1.1.100.202309141235/tools/bin/../lib/gcc/arm-none-eabi/11.3.1/../../../../arm-none-eabi/lib/thumb/v7e-m+fp/hard\libc_nano.a(libc_a-ctype_.o)
                              ./Loader/file.o (_ctype_)
C:/ST/STM32CubeIDE_1.14.0/STM32CubeIDE/plugins/com.st.stm32cube.ide.mcu.externaltools.gnu-tools-for-stm32.11.3.rel1.win32_1.1.100.202309141235/tools/bin/../lib/gcc/arm-none-eabi/11.3.1/../../../../arm-none-eabi/lib/thumb/v7e-m+fp/hard\libc_nano.a(libc_a-findfp.o)
                              C:/ST/STM32CubeIDE_1.14.0/STM32CubeIDE/plugins/com.st.stm32cube.ide.mcu.externaltools.gnu-tools-for-stm32.11.3.rel1.win32_1.1.100.202309141235/tools/bin/../lib/gcc/arm-none-eabi/11.3.1/../../../../arm-none-eabi/lib/thumb/v7e-m+fp/hard\libc_nano.a(libc_a-exit.o) (__stdio_exit_handler)
C:/ST/STM32CubeIDE_1.14.0/STM32CubeIDE/plugins/com.st.stm32cube.ide.mcu.externaltools.gnu-tools-for-stm32.11.3.rel1.win32_1.1.100.202309141235/tools/bin/../lib/gcc/arm-none-eabi/11.3.1/../../../../arm-none-eabi/lib/thumb/v7e-m+fp/hard\libc_nano.a(libc_a-fwalk.o)
                              C:/ST/STM32CubeIDE_1.14.0/STM32CubeIDE/plugins/com.st.stm32cube.ide.mcu.externaltools.gnu-tools-for-stm32.11.3.rel1.win32_1.1.100.202309141235/tools/bin/../lib/gcc/arm-none-eabi/11.3.1/../../../../arm-none-eabi/lib/thumb/v7e-m+fp/hard\libc_nano.a(libc_a-findfp.o) (_fwalk_sglue)
C:/ST/STM32CubeIDE_1.14.0/STM32CubeIDE/plugins/com.st.stm32cube.ide.mcu.externaltools.gnu-tools-for-stm32.11.3.rel1.win32_1.1.100.202309141235/tools/bin/../lib/gcc/arm-none-eabi/11.3.1/../../../../arm-none-eabi/lib/thumb/v7e-m+fp/hard\libc_nano.a(libc_a-stdio.o)
                              C:/ST/STM32CubeIDE_1.14.0/STM32CubeIDE/plugins/com.st.stm32cube.ide.mcu.externaltools.gnu-tools-for-stm32.11.3.rel1.win32_1.1.100.202309141235/tools/bin/../lib/gcc/arm-none-eabi/11.3.1/../../../../arm-none-eabi/lib/thumb/v7e-m+fp/hard\libc_nano.a(libc_a-findfp.o) (__sread)
C:/ST/STM32CubeIDE_1.14.0/STM32CubeIDE/plugins/com.st.stm32cube.ide.mcu.externaltools.gnu-tools-for-stm32.11.3.rel1.win32_1.1.100.202309141235/tools/bin/../lib/gcc/arm-none-eabi/11.3.1/../../../../arm-none-eabi/lib/thumb/v7e-m+fp/hard\libc_nano.a(libc_a-memset.o)
                              C:/ST/STM32CubeIDE_1.14.0/STM32CubeIDE/plugins/com.st.stm32cube.ide.mcu.externaltools.gnu-tools-for-stm32.11.3.rel1.win32_1.1.100.202309141235/tools/bin/../lib/gcc/arm-none-eabi/11.3.1/../../../../arm-none-eabi/lib/thumb/v7e-m+fp/hard/crt0.o (memset)
C:/ST/STM32CubeIDE_1.14.0/STM32CubeIDE/plugins/com.st.stm32cube.ide.mcu.externaltools.gnu-tools-for-stm32.11.3.rel1.win32_1.1.100.202309141235/tools/bin/../lib/gcc/arm-none-eabi/11.3.1/../../../../arm-none-eabi/lib/thumb/v7e-m+fp/hard\libc_nano.a(libc_a-closer.o)
                              C:/ST/STM32CubeIDE_1.14.0/STM32CubeIDE/plugins/com.st.stm32cube.ide.mcu.externaltools.gnu-tools-for-stm32.11.3.rel1.win32_1.1.100.202309141235/tools/bin/../lib/gcc/arm-none-eabi/11.3.1/../../../../arm-none-eabi/lib/thumb/v7e-m+fp/hard\libc_nano.a(libc_a-stdio.o) (_close_r)
C:/ST/STM32CubeIDE_1.14.0/STM32CubeIDE/plugins/com.st.stm32cube.ide.mcu.externaltools.gnu-tools-for-stm32.11.3.rel1.win32_1.1.100.202309141235/tools/bin/../lib/gcc/arm-none-eabi/11.3.1/../../../../arm-none-eabi/lib/thumb/v7e-m+fp/hard\libc_nano.a(libc_a-reent.o)
                              C:/ST/STM32CubeIDE_1.14.0/STM32CubeIDE/plugins/com.st.stm32cube.ide.mcu.externaltools.gnu-tools-for-stm32.11.3.rel1.win32_1.1.100.202309141235/tools/bin/../lib/gcc/arm-none-eabi/11.3.1/../../../../arm-none-eabi/lib/thumb/v7e-m+fp/hard\libc_nano.a(libc_a-closer.o) (errno)
C:/ST/STM32CubeIDE_1.14.0/STM32CubeIDE/plugins/com.st.stm32cube.ide.mcu.externaltools.gnu-tools-for-stm32.11.3.rel1.win32_1.1.100.202309141235/tools/bin/../lib/gcc/arm-none-eabi/11.3.1/../../../../arm-none-eabi/lib/thumb/v7e-m+fp/hard\libc_nano.a(libc_a-impure.o)
                              C:/ST/STM32CubeIDE_1.14.0/STM32CubeIDE/plugins/com.st.stm32cube.ide.mcu.externaltools.gnu-tools-for-stm32.11.3.rel1.win32_1.1.100.202309141235/tools/bin/../lib/gcc/arm-none-eabi/11.3.1/../../../../arm-none-eabi/lib/thumb/v7e-m+fp/hard\libc_nano.a(libc_a-reent.o) (_impure_ptr)
[...]
Memory Configuration

Name             Origin             Length             Attributes
CCMRAM           0x0000000010000000 0x0000000000010000 xrw
RAM              0x0000000020000000 0x0000000000020000 xrw
FLASH            0x0000000008000000 0x0000000000100000 xr
*default*        0x0000000000000000 0xffffffffffffffff

Linker script and memory map

LOAD C:/ST/STM32CubeIDE_1.14.0/STM32CubeIDE/plugins/com.st.stm32cube.ide.mcu.externaltools.gnu-tools-for-stm32.11.3.rel1.win32_1.1.100.202309141235/tools/bin/../lib/gcc/arm-none-eabi/11.3.1/thumb/v7e-m+fp/hard/crti.o
LOAD C:/ST/STM32CubeIDE_1.14.0/STM32CubeIDE/plugins/com.st.stm32cube.ide.mcu.externaltools.gnu-tools-for-stm32.11.3.rel1.win32_1.1.100.202309141235/tools/bin/../lib/gcc/arm-none-eabi/11.3.1/thumb/v7e-m+fp/hard/crtbegin.o
LOAD C:/ST/STM32CubeIDE_1.14.0/STM32CubeIDE/plugins/com.st.stm32cube.ide.mcu.externaltools.gnu-tools-for-stm32.11.3.rel1.win32_1.1.100.202309141235/tools/bin/../lib/gcc/arm-none-eabi/11.3.1/../../../../arm-none-eabi/lib/thumb/v7e-m+fp/hard/crt0.o
LOAD ./App/app.o
LOAD ./App/hooks.o
LOAD ./App/led.o
LOAD ./Core/Src/main.o
LOAD ./Core/Src/stm32f4xx_hal_msp.o
LOAD ./Core/Src/stm32f4xx_it.o
LOAD ./Core/Src/syscalls.o
LOAD ./Core/Src/sysmem.o
LOAD ./Core/Src/system_stm32f4xx.o
LOAD ./Core/Startup/startup_stm32f407vgtx.o
LOAD ./Drivers/STM32F4xx_HAL_Driver/Src/stm32f4xx_hal.o
LOAD ./Drivers/STM32F4xx_HAL_Driver/Src/stm32f4xx_hal_can.o
LOAD ./Drivers/STM32F4xx_HAL_Driver/Src/stm32f4xx_hal_cortex.o
LOAD ./Drivers/STM32F4xx_HAL_Driver/Src/stm32f4xx_hal_dma.o
LOAD ./Drivers/STM32F4xx_HAL_Driver/Src/stm32f4xx_hal_dma_ex.o
LOAD ./Drivers/STM32F4xx_HAL_Driver/Src/stm32f4xx_hal_exti.o
LOAD ./Drivers/STM32F4xx_HAL_Driver/Src/stm32f4xx_hal_flash.o
LOAD ./Drivers/STM32F4xx_HAL_Driver/Src/stm32f4xx_hal_flash_ex.o
LOAD ./Drivers/STM32F4xx_HAL_Driver/Src/stm32f4xx_hal_flash_ramfunc.o
LOAD ./Drivers/STM32F4xx_HAL_Driver/Src/stm32f4xx_hal_gpio.o
LOAD ./Drivers/STM32F4xx_HAL_Driver/Src/stm32f4xx_hal_pcd.o
LOAD ./Drivers/STM32F4xx_HAL_Driver/Src/stm32f4xx_hal_pcd_ex.o
LOAD ./Drivers/STM32F4xx_HAL_Driver/Src/stm32f4xx_hal_pwr.o
LOAD ./Drivers/STM32F4xx_HAL_Driver/Src/stm32f4xx_hal_pwr_ex.o
LOAD ./Drivers/STM32F4xx_HAL_Driver/Src/stm32f4xx_hal_rcc.o
LOAD ./Drivers/STM32F4xx_HAL_Driver/Src/stm32f4xx_hal_rcc_ex.o
LOAD ./Drivers/STM32F4xx_HAL_Driver/Src/stm32f4xx_hal_tim.o
LOAD ./Drivers/STM32F4xx_HAL_Driver/Src/stm32f4xx_hal_tim_ex.o
LOAD ./Drivers/STM32F4xx_HAL_Driver/Src/stm32f4xx_hal_uart.o
LOAD ./Drivers/STM32F4xx_HAL_Driver/Src/stm32f4xx_ll_dma.o
LOAD ./Drivers/STM32F4xx_HAL_Driver/Src/stm32f4xx_ll_exti.o
LOAD ./Drivers/STM32F4xx_HAL_Driver/Src/stm32f4xx_ll_gpio.o
LOAD ./Drivers/STM32F4xx_HAL_Driver/Src/stm32f4xx_ll_rcc.o
LOAD ./Drivers/STM32F4xx_HAL_Driver/Src/stm32f4xx_ll_spi.o
LOAD ./Drivers/STM32F4xx_HAL_Driver/Src/stm32f4xx_ll_usart.o
LOAD ./Drivers/STM32F4xx_HAL_Driver/Src/stm32f4xx_ll_usb.o
LOAD ./Drivers/STM32F4xx_HAL_Driver/Src/stm32f4xx_ll_utils.o
LOAD ./Library/FatFS/mmc.o
LOAD ./Library/STM32_USB_Device_Library/Core/Src/usbd_core.o
LOAD ./Library/STM32_USB_Device_Library/Core/Src/usbd_ctlreq.o
LOAD ./Library/STM32_USB_Device_Library/Core/Src/usbd_ioreq.o
LOAD ./Loader/ARMCM4_STM32F4/GCC/cpu_comp.o
LOAD ./Loader/ARMCM4_STM32F4/can.o
LOAD ./Loader/ARMCM4_STM32F4/cpu.o
LOAD ./Loader/ARMCM4_STM32F4/flash.o
LOAD ./Loader/ARMCM4_STM32F4/nvm.o
LOAD ./Loader/ARMCM4_STM32F4/rs232.o
LOAD ./Loader/ARMCM4_STM32F4/timer.o
LOAD ./Loader/ARMCM4_STM32F4/usb.o
LOAD ./Loader/asserts.o
LOAD ./Loader/backdoor.o
LOAD ./Loader/boot.o
LOAD ./Loader/com.o
LOAD ./Loader/cop.o
LOAD ./Loader/file.o
LOAD ./Loader/net.o
LOAD ./Loader/xcp.o
LOAD ./Loader/third_party/fatfs/src/ff.o
LOAD ./Loader/third_party/fatfs/src/option/unicode.o
LOAD ./USB_DEVICE/App/usbd_bulk.o
LOAD ./USB_DEVICE/App/usbd_desc.o
LOAD ./USB_DEVICE/Target/usbd_conf.o
START GROUP
LOAD C:/ST/STM32CubeIDE_1.14.0/STM32CubeIDE/plugins/com.st.stm32cube.ide.mcu.externaltools.gnu-tools-for-stm32.11.3.rel1.win32_1.1.100.202309141235/tools/bin/../lib/gcc/arm-none-eabi/11.3.1/../../../../arm-none-eabi/lib/thumb/v7e-m+fp/hard\libc_nano.a
LOAD C:/ST/STM32CubeIDE_1.14.0/STM32CubeIDE/plugins/com.st.stm32cube.ide.mcu.externaltools.gnu-tools-for-stm32.11.3.rel1.win32_1.1.100.202309141235/tools/bin/../lib/gcc/arm-none-eabi/11.3.1/../../../../arm-none-eabi/lib/thumb/v7e-m+fp/hard\libm.a
END GROUP
START GROUP
LOAD C:/ST/STM32CubeIDE_1.14.0/STM32CubeIDE/plugins/com.st.stm32cube.ide.mcu.externaltools.gnu-tools-for-stm32.11.3.rel1.win32_1.1.100.202309141235/tools/bin/../lib/gcc/arm-none-eabi/11.3.1/thumb/v7e-m+fp/hard\libgcc.a
LOAD C:/ST/STM32CubeIDE_1.14.0/STM32CubeIDE/plugins/com.st.stm32cube.ide.mcu.externaltools.gnu-tools-for-stm32.11.3.rel1.win32_1.1.100.202309141235/tools/bin/../lib/gcc/arm-none-eabi/11.3.1/../../../../arm-none-eabi/lib/thumb/v7e-m+fp/hard\libc_nano.a
END GROUP
START GROUP
LOAD C:/ST/STM32CubeIDE_1.14.0/STM32CubeIDE/plugins/com.st.stm32cube.ide.mcu.externaltools.gnu-tools-for-stm32.11.3.rel1.win32_1.1.100.202309141235/tools/bin/../lib/gcc/arm-none-eabi/11.3.1/thumb/v7e-m+fp/hard\libgcc.a
LOAD C:/ST/STM32CubeIDE_1.14.0/STM32CubeIDE/plugins/com.st.stm32cube.ide.mcu.externaltools.gnu-tools-for-stm32.11.3.rel1.win32_1.1.100.202309141235/tools/bin/../lib/gcc/arm-none-eabi/11.3.1/../../../../arm-none-eabi/lib/thumb/v7e-m+fp/hard\libc_nano.a
LOAD C:/ST/STM32CubeIDE_1.14.0/STM32CubeIDE/plugins/com.st.stm32cube.ide.mcu.externaltools.gnu-tools-for-stm32.11.3.rel1.win32_1.1.100.202309141235/tools/bin/../lib/gcc/arm-none-eabi/11.3.1/../../../../arm-none-eabi/lib/thumb/v7e-m+fp/hard\libnosys.a
END GROUP
START GROUP
LOAD C:/ST/STM32CubeIDE_1.14.0/STM32CubeIDE/plugins/com.st.stm32cube.ide.mcu.externaltools.gnu-tools-for-stm32.11.3.rel1.win32_1.1.100.202309141235/tools/bin/../lib/gcc/arm-none-eabi/11.3.1/thumb/v7e-m+fp/hard\libgcc.a
LOAD C:/ST/STM32CubeIDE_1.14.0/STM32CubeIDE/plugins/com.st.stm32cube.ide.mcu.externaltools.gnu-tools-for-stm32.11.3.rel1.win32_1.1.100.202309141235/tools/bin/../lib/gcc/arm-none-eabi/11.3.1/../../../../arm-none-eabi/lib/thumb/v7e-m+fp/hard\libc_nano.a
LOAD C:/ST/STM32CubeIDE_1.14.0/STM32CubeIDE/plugins/com.st.stm32cube.ide.mcu.externaltools.gnu-tools-for-stm32.11.3.rel1.win32_1.1.100.202309141235/tools/bin/../lib/gcc/arm-none-eabi/11.3.1/../../../../arm-none-eabi/lib/thumb/v7e-m+fp/hard\libnosys.a
END GROUP
LOAD C:/ST/STM32CubeIDE_1.14.0/STM32CubeIDE/plugins/com.st.stm32cube.ide.mcu.externaltools.gnu-tools-for-stm32.11.3.rel1.win32_1.1.100.202309141235/tools/bin/../lib/gcc/arm-none-eabi/11.3.1/thumb/v7e-m+fp/hard/crtend.o
LOAD C:/ST/STM32CubeIDE_1.14.0/STM32CubeIDE/plugins/com.st.stm32cube.ide.mcu.externaltools.gnu-tools-for-stm32.11.3.rel1.win32_1.1.100.202309141235/tools/bin/../lib/gcc/arm-none-eabi/11.3.1/thumb/v7e-m+fp/hard/crtn.o
                0x0000000020020000                _estack = (ORIGIN (RAM) + LENGTH (RAM))
                0x0000000000000200                _Min_Heap_Size = 0x200
                0x0000000000000400                _Min_Stack_Size = 0x400

.isr_vector     0x0000000008000000      0x188
                0x0000000008000000                . = ALIGN (0x4)
 *(.isr_vector)
 .isr_vector    0x0000000008000000      0x188 ./Core/Startup/startup_stm32f407vgtx.o
                0x0000000008000000                g_pfnVectors
                0x0000000008000188                . = ALIGN (0x4)

.text           0x0000000008000188     0xeb08
                0x0000000008000188                . = ALIGN (0x4)
 *(.text)
 .text          0x0000000008000188       0x40 C:/ST/STM32CubeIDE_1.14.0/STM32CubeIDE/plugins/com.st.stm32cube.ide.mcu.externaltools.gnu-tools-for-stm32.11.3.rel1.win32_1.1.100.202309141235/tools/bin/../lib/gcc/arm-none-eabi/11.3.1/thumb/v7e-m+fp/hard/crtbegin.o
 .text          0x00000000080001c8       0x30 C:/ST/STM32CubeIDE_1.14.0/STM32CubeIDE/plugins/com.st.stm32cube.ide.mcu.externaltools.gnu-tools-for-stm32.11.3.rel1.win32_1.1.100.202309141235/tools/bin/../lib/gcc/arm-none-eabi/11.3.1/thumb/v7e-m+fp/hard\libgcc.a(_aeabi_uldivmod.o)
                0x00000000080001c8                __aeabi_uldivmod
 .text          0x00000000080001f8      0x2c8 C:/ST/STM32CubeIDE_1.14.0/STM32CubeIDE/plugins/com.st.stm32cube.ide.mcu.externaltools.gnu-tools-for-stm32.11.3.rel1.win32_1.1.100.202309141235/tools/bin/../lib/gcc/arm-none-eabi/11.3.1/thumb/v7e-m+fp/hard\libgcc.a(_udivmoddi4.o)
                0x00000000080001f8                __udivmoddi4
 .text          0x00000000080004c0        0x4 C:/ST/STM32CubeIDE_1.14.0/STM32CubeIDE/plugins/com.st.stm32cube.ide.mcu.externaltools.gnu-tools-for-stm32.11.3.rel1.win32_1.1.100.202309141235/tools/bin/../lib/gcc/arm-none-eabi/11.3.1/thumb/v7e-m+fp/hard\libgcc.a(_dvmd_tls.o)
                0x00000000080004c0                __aeabi_idiv0
                0x00000000080004c0                __aeabi_ldiv0
 *(.text*)
 .text.AppInit  0x00000000080004c4        0xc ./App/app.o
                0x00000000080004c4                AppInit
 .text.AppTask  0x00000000080004d0        0xc ./App/app.o
                0x00000000080004d0                AppTask
 .text.LL_GPIO_IsInputPinSet
                0x00000000080004dc       0x2a ./App/hooks.o
 .text.LL_GPIO_SetOutputPin
                0x0000000008000506       0x1c ./App/hooks.o
 .text.LL_GPIO_ResetOutputPin
                0x0000000008000522       0x1e ./App/hooks.o
 .text.LL_USART_IsActiveFlag_TC
                0x0000000008000540       0x26 ./App/hooks.o
 .text.LL_USART_IsActiveFlag_TXE
                0x0000000008000566       0x26 ./App/hooks.o
 .text.LL_USART_TransmitData8
                0x000000000800058c       0x1e ./App/hooks.o
 *fill*         0x00000000080005aa        0x2 
 .text.LL_AHB1_GRP1_EnableClock
                0x00000000080005ac       0x30 ./App/hooks.o
 .text.CpuUserProgramStartHook
                0x00000000080005dc       0x24 ./App/hooks.o
                0x00000000080005dc                CpuUserProgramStartHook
 .text.CopInitHook
                0x0000000008000600        0xe ./App/hooks.o
                0x0000000008000600                CopInitHook
 .text.CopServiceHook
                0x000000000800060e        0xc ./App/hooks.o
                0x000000000800060e                CopServiceHook
 *fill*         0x000000000800061a        0x2 
 .text.UsbConnectHook
                0x000000000800061c       0x6c ./App/hooks.o
                0x000000000800061c                UsbConnectHook
 .text.UsbEnterLowPowerModeHook
                0x0000000008000688        0xe ./App/hooks.o
                0x0000000008000688                UsbEnterLowPowerModeHook
 .text.UsbLeaveLowPowerModeHook
                0x0000000008000696        0xe ./App/hooks.o
                0x0000000008000696                UsbLeaveLowPowerModeHook
 .text.FileIsFirmwareUpdateRequestedHook
                0x00000000080006a4       0x60 ./App/hooks.o
                0x00000000080006a4                FileIsFirmwareUpdateRequestedHook
 .text.FileGetFirmwareFilenameHook
                0x0000000008000704       0x14 ./App/hooks.o
                0x0000000008000704                FileGetFirmwareFilenameHook
 .text.FileFirmwareUpdateStartedHook
                0x0000000008000718       0x30 ./App/hooks.o
                0x0000000008000718                FileFirmwareUpdateStartedHook
 .text.FileFirmwareUpdateCompletedHook
                0x0000000008000748       0x58 ./App/hooks.o
                0x0000000008000748                FileFirmwareUpdateCompletedHook
 .text.FileFirmwareUpdateErrorHook
                0x00000000080007a0       0x28 ./App/hooks.o
                0x00000000080007a0                FileFirmwareUpdateErrorHook
 .text.FileFirmwareUpdateLogHook
                0x00000000080007c8       0x88 ./App/hooks.o
                0x00000000080007c8                FileFirmwareUpdateLogHook
 .text.LL_GPIO_SetOutputPin
                0x0000000008000850       0x1c ./App/led.o
 .text.LL_GPIO_ResetOutputPin
                0x000000000800086c       0x1e ./App/led.o
 *fill*         0x000000000800088a        0x2 
 .text.LedBlinkInit
                0x000000000800088c       0x20 ./App/led.o
                0x000000000800088c                LedBlinkInit
 .text.LedBlinkTask
                0x00000000080008ac       0x60 ./App/led.o
                0x00000000080008ac                LedBlinkTask
 .text.LedBlinkExit
                0x000000000800090c       0x18 ./App/led.o
                0x000000000800090c                LedBlinkExit
 .text.LL_RCC_HSE_Enable
                0x0000000008000924       0x20 ./Core/Src/main.o
 .text.LL_RCC_HSE_IsReady
                0x0000000008000944       0x28 ./Core/Src/main.o
 .text.LL_RCC_SetSysClkSource
                0x000000000800096c       0x28 ./Core/Src/main.o
 .text.LL_RCC_GetSysClkSource
                0x0000000008000994       0x1c ./Core/Src/main.o
 .text.LL_RCC_SetAHBPrescaler
                0x00000000080009b0       0x28 ./Core/Src/main.o
 .text.LL_RCC_SetAPB1Prescaler
                0x00000000080009d8       0x28 ./Core/Src/main.o
 .text.LL_RCC_SetAPB2Prescaler
                0x0000000008000a00       0x28 ./Core/Src/main.o
 .text.LL_RCC_PLL_Enable
                0x0000000008000a28       0x20 ./Core/Src/main.o
 .text.LL_RCC_PLL_IsReady
                0x0000000008000a48       0x28 ./Core/Src/main.o
 .text.LL_RCC_PLL_ConfigDomain_SYS
                0x0000000008000a70       0x4c ./Core/Src/main.o
 .text.LL_RCC_PLL_ConfigDomain_48M
                0x0000000008000abc       0x40 ./Core/Src/main.o
 .text.LL_AHB1_GRP1_EnableClock
                0x0000000008000afc       0x30 ./Core/Src/main.o
 .text.LL_APB1_GRP1_EnableClock
                0x0000000008000b2c       0x30 ./Core/Src/main.o
 .text.LL_FLASH_SetLatency
                0x0000000008000b5c       0x28 ./Core/Src/main.o
 .text.LL_FLASH_GetLatency
                0x0000000008000b84       0x1c ./Core/Src/main.o
 .text.LL_PWR_SetRegulVoltageScaling
                0x0000000008000ba0       0x28 ./Core/Src/main.o
 .text.LL_USART_Enable
                0x0000000008000bc8       0x20 ./Core/Src/main.o
 .text.LL_USART_ConfigAsyncMode
                0x0000000008000be8       0x2c ./Core/Src/main.o
 .text.LL_GPIO_SetOutputPin
                0x0000000008000c14       0x1c ./Core/Src/main.o
 .text.main     0x0000000008000c30       0x1e ./Core/Src/main.o
                0x0000000008000c30                main
 *fill*         0x0000000008000c4e        0x2 
 .text.SystemClock_Config
                0x0000000008000c50       0xa8 ./Core/Src/main.o
                0x0000000008000c50                SystemClock_Config
 .text.MX_USART2_UART_Init
                0x0000000008000cf8       0xa0 ./Core/Src/main.o
 .text.MX_GPIO_Init
                0x0000000008000d98       0xac ./Core/Src/main.o
 .text.Error_Handler
                0x0000000008000e44        0xe ./Core/Src/main.o
                0x0000000008000e44                Error_Handler
 *fill*         0x0000000008000e52        0x2 
 .text.LL_AHB1_GRP1_DisableClock
                0x0000000008000e54       0x28 ./Core/Src/stm32f4xx_hal_msp.o
 .text.LL_AHB2_GRP1_DisableClock
                0x0000000008000e7c       0x28 ./Core/Src/stm32f4xx_hal_msp.o
 .text.LL_APB1_GRP1_DisableClock
                0x0000000008000ea4       0x28 ./Core/Src/stm32f4xx_hal_msp.o
 .text.LL_APB2_GRP1_DisableClock
                0x0000000008000ecc       0x28 ./Core/Src/stm32f4xx_hal_msp.o
 .text.LL_USART_Disable
                0x0000000008000ef4       0x20 ./Core/Src/stm32f4xx_hal_msp.o
 .text.HAL_MspInit
                0x0000000008000f14       0x50 ./Core/Src/stm32f4xx_hal_msp.o
                0x0000000008000f14                HAL_MspInit
 .text.HAL_CAN_MspInit
                0x0000000008000f64       0x90 ./Core/Src/stm32f4xx_hal_msp.o
                0x0000000008000f64                HAL_CAN_MspInit
 .text.HAL_PCD_MspInit
                0x0000000008000ff4       0x98 ./Core/Src/stm32f4xx_hal_msp.o
                0x0000000008000ff4                HAL_PCD_MspInit
 .text.HAL_PCD_MspDeInit
                0x000000000800108c       0x38 ./Core/Src/stm32f4xx_hal_msp.o
                0x000000000800108c                HAL_PCD_MspDeInit
 .text.HAL_MspDeInit
                0x00000000080010c4       0x6c ./Core/Src/stm32f4xx_hal_msp.o
                0x00000000080010c4                HAL_MspDeInit
 .text.NMI_Handler
                0x0000000008001130        0xe ./Core/Src/stm32f4xx_it.o
                0x0000000008001130                NMI_Handler
 .text.HardFault_Handler
                0x000000000800113e        0x6 ./Core/Src/stm32f4xx_it.o
                0x000000000800113e                HardFault_Handler
 .text.MemManage_Handler
                0x0000000008001144        0x6 ./Core/Src/stm32f4xx_it.o
                0x0000000008001144                MemManage_Handler
 .text.BusFault_Handler
                0x000000000800114a        0x6 ./Core/Src/stm32f4xx_it.o
                0x000000000800114a                BusFault_Handler
 .text.UsageFault_Handler
                0x0000000008001150        0x6 ./Core/Src/stm32f4xx_it.o
                0x0000000008001150                UsageFault_Handler
 .text.SVC_Handler
                0x0000000008001156        0xe ./Core/Src/stm32f4xx_it.o
                0x0000000008001156                SVC_Handler
 .text.DebugMon_Handler
                0x0000000008001164        0xe ./Core/Src/stm32f4xx_it.o
                0x0000000008001164                DebugMon_Handler
 .text.PendSV_Handler
                0x0000000008001172        0xe ./Core/Src/stm32f4xx_it.o
                0x0000000008001172                PendSV_Handler
 .text.SysTick_Handler
                0x0000000008001180        0xc ./Core/Src/stm32f4xx_it.o
                0x0000000008001180                SysTick_Handler
 .text.SystemInit
                0x000000000800118c       0x2c ./Core/Src/system_stm32f4xx.o
                0x000000000800118c                SystemInit
 .text.Reset_Handler
                0x00000000080011b8       0x50 ./Core/Startup/startup_stm32f407vgtx.o
                0x00000000080011b8                Reset_Handler
 .text.Default_Handler
                0x0000000008001208        0x2 ./Core/Startup/startup_stm32f407vgtx.o
                0x0000000008001208                RTC_Alarm_IRQHandler
                0x0000000008001208                HASH_RNG_IRQHandler
                0x0000000008001208                EXTI2_IRQHandler
                0x0000000008001208                TIM8_CC_IRQHandler
                0x0000000008001208                TIM1_CC_IRQHandler
                0x0000000008001208                DMA2_Stream5_IRQHandler
                0x0000000008001208                DMA1_Stream5_IRQHandler
                0x0000000008001208                PVD_IRQHandler
                0x0000000008001208                SDIO_IRQHandler
                0x0000000008001208                TAMP_STAMP_IRQHandler
                0x0000000008001208                CAN2_RX1_IRQHandler
                0x0000000008001208                EXTI3_IRQHandler
                0x0000000008001208                TIM8_TRG_COM_TIM14_IRQHandler
                0x0000000008001208                TIM1_UP_TIM10_IRQHandler
                0x0000000008001208                TIM8_UP_TIM13_IRQHandler
                0x0000000008001208                I2C3_ER_IRQHandler
                0x0000000008001208                EXTI0_IRQHandler
                0x0000000008001208                I2C2_EV_IRQHandler
                0x0000000008001208                DMA1_Stream2_IRQHandler
                0x0000000008001208                CAN1_RX0_IRQHandler
                0x0000000008001208                FPU_IRQHandler
                0x0000000008001208                OTG_HS_WKUP_IRQHandler
                0x0000000008001208                CAN2_SCE_IRQHandler
                0x0000000008001208                DMA2_Stream2_IRQHandler
                0x0000000008001208                SPI1_IRQHandler
                0x0000000008001208                TIM6_DAC_IRQHandler
                0x0000000008001208                TIM1_BRK_TIM9_IRQHandler
                0x0000000008001208                DCMI_IRQHandler
                0x0000000008001208                CAN2_RX0_IRQHandler
                0x0000000008001208                DMA2_Stream3_IRQHandler
                0x0000000008001208                USART6_IRQHandler
                0x0000000008001208                USART3_IRQHandler
                0x0000000008001208                CAN1_RX1_IRQHandler
                0x0000000008001208                UART5_IRQHandler
                0x0000000008001208                DMA2_Stream0_IRQHandler
                0x0000000008001208                TIM4_IRQHandler
                0x0000000008001208                I2C1_EV_IRQHandler
                0x0000000008001208                DMA1_Stream6_IRQHandler
                0x0000000008001208                DMA1_Stream1_IRQHandler
                0x0000000008001208                UART4_IRQHandler
                0x0000000008001208                TIM3_IRQHandler
                0x0000000008001208                RCC_IRQHandler
                0x0000000008001208                TIM8_BRK_TIM12_IRQHandler
                0x0000000008001208                Default_Handler
                0x0000000008001208                EXTI15_10_IRQHandler
                0x0000000008001208                ADC_IRQHandler
                0x0000000008001208                DMA1_Stream7_IRQHandler
                0x0000000008001208                TIM7_IRQHandler
                0x0000000008001208                CAN2_TX_IRQHandler
                0x0000000008001208                TIM5_IRQHandler
                0x0000000008001208                DMA2_Stream7_IRQHandler
                0x0000000008001208                I2C3_EV_IRQHandler
                0x0000000008001208                EXTI9_5_IRQHandler
                0x0000000008001208                RTC_WKUP_IRQHandler
                0x0000000008001208                ETH_WKUP_IRQHandler
                0x0000000008001208                SPI2_IRQHandler
                0x0000000008001208                OTG_HS_EP1_IN_IRQHandler
                0x0000000008001208                DMA1_Stream0_IRQHandler
                0x0000000008001208                CAN1_TX_IRQHandler
                0x0000000008001208                EXTI4_IRQHandler
                0x0000000008001208                FSMC_IRQHandler
                0x0000000008001208                ETH_IRQHandler
                0x0000000008001208                OTG_HS_EP1_OUT_IRQHandler
                0x0000000008001208                WWDG_IRQHandler
                0x0000000008001208                TIM2_IRQHandler
                0x0000000008001208                OTG_FS_WKUP_IRQHandler
                0x0000000008001208                TIM1_TRG_COM_TIM11_IRQHandler
                0x0000000008001208                OTG_HS_IRQHandler
                0x0000000008001208                EXTI1_IRQHandler
                0x0000000008001208                USART2_IRQHandler
                0x0000000008001208                I2C2_ER_IRQHandler
                0x0000000008001208                DMA2_Stream1_IRQHandler
                0x0000000008001208                CAN1_SCE_IRQHandler
                0x0000000008001208                FLASH_IRQHandler
                0x0000000008001208                DMA2_Stream4_IRQHandler
                0x0000000008001208                USART1_IRQHandler
                0x0000000008001208                OTG_FS_IRQHandler
                0x0000000008001208                SPI3_IRQHandler
                0x0000000008001208                DMA1_Stream4_IRQHandler
                0x0000000008001208                I2C1_ER_IRQHandler
                0x0000000008001208                DMA2_Stream6_IRQHandler
                0x0000000008001208                DMA1_Stream3_IRQHandler
 *fill*         0x000000000800120a        0x2 
 .text.HAL_Init
                0x000000000800120c       0x44 ./Drivers/STM32F4xx_HAL_Driver/Src/stm32f4xx_hal.o
                0x000000000800120c                HAL_Init
 .text.HAL_DeInit
                0x0000000008001250       0x58 ./Drivers/STM32F4xx_HAL_Driver/Src/stm32f4xx_hal.o
                0x0000000008001250                HAL_DeInit
 .text.HAL_InitTick
                0x00000000080012a8       0x60 ./Drivers/STM32F4xx_HAL_Driver/Src/stm32f4xx_hal.o
                0x00000000080012a8                HAL_InitTick
 .text.HAL_IncTick
                0x0000000008001308       0x28 ./Drivers/STM32F4xx_HAL_Driver/Src/stm32f4xx_hal.o
                0x0000000008001308                HAL_IncTick
 .text.HAL_Delay
                0x0000000008001330       0x48 ./Drivers/STM32F4xx_HAL_Driver/Src/stm32f4xx_hal.o
                0x0000000008001330                HAL_Delay
 .text.HAL_CAN_Init
                0x0000000008001378      0x1f6 ./Drivers/STM32F4xx_HAL_Driver/Src/stm32f4xx_hal_can.o
                0x0000000008001378                HAL_CAN_Init
 *fill*         0x000000000800156e        0x2 
 .text.HAL_CAN_ConfigFilter
                0x0000000008001570      0x1c0 ./Drivers/STM32F4xx_HAL_Driver/Src/stm32f4xx_hal_can.o
                0x0000000008001570                HAL_CAN_ConfigFilter
 .text.HAL_CAN_Start
                0x0000000008001730       0x88 ./Drivers/STM32F4xx_HAL_Driver/Src/stm32f4xx_hal_can.o
                0x0000000008001730                HAL_CAN_Start
 .text.HAL_CAN_AddTxMessage
                0x00000000080017b8      0x1b6 ./Drivers/STM32F4xx_HAL_Driver/Src/stm32f4xx_hal_can.o
                0x00000000080017b8                HAL_CAN_AddTxMessage
 .text.HAL_CAN_IsTxMessagePending
                0x000000000800196e       0x48 ./Drivers/STM32F4xx_HAL_Driver/Src/stm32f4xx_hal_can.o
                0x000000000800196e                HAL_CAN_IsTxMessagePending
 .text.HAL_CAN_GetRxMessage
                0x00000000080019b6      0x224 ./Drivers/STM32F4xx_HAL_Driver/Src/stm32f4xx_hal_can.o
                0x00000000080019b6                HAL_CAN_GetRxMessage
 *fill*         0x0000000008001bda        0x2 
 .text.__NVIC_SetPriorityGrouping
                0x0000000008001bdc       0x48 ./Drivers/STM32F4xx_HAL_Driver/Src/stm32f4xx_hal_cortex.o
 .text.__NVIC_GetPriorityGrouping
                0x0000000008001c24       0x1c ./Drivers/STM32F4xx_HAL_Driver/Src/stm32f4xx_hal_cortex.o
 .text.__NVIC_SetPriority
                0x0000000008001c40       0x54 ./Drivers/STM32F4xx_HAL_Driver/Src/stm32f4xx_hal_cortex.o
 .text.NVIC_EncodePriority
                0x0000000008001c94       0x66 ./Drivers/STM32F4xx_HAL_Driver/Src/stm32f4xx_hal_cortex.o
 *fill*         0x0000000008001cfa        0x2 
 .text.SysTick_Config
                0x0000000008001cfc       0x44 ./Drivers/STM32F4xx_HAL_Driver/Src/stm32f4xx_hal_cortex.o
 .text.HAL_NVIC_SetPriorityGrouping
                0x0000000008001d40       0x16 ./Drivers/STM32F4xx_HAL_Driver/Src/stm32f4xx_hal_cortex.o
                0x0000000008001d40                HAL_NVIC_SetPriorityGrouping
 .text.HAL_NVIC_SetPriority
                0x0000000008001d56       0x38 ./Drivers/STM32F4xx_HAL_Driver/Src/stm32f4xx_hal_cortex.o
                0x0000000008001d56                HAL_NVIC_SetPriority
 .text.HAL_SYSTICK_Config
                0x0000000008001d8e       0x18 ./Drivers/STM32F4xx_HAL_Driver/Src/stm32f4xx_hal_cortex.o
                0x0000000008001d8e                HAL_SYSTICK_Config
 *fill*         0x0000000008001da6        0x2 
 .text.HAL_FLASH_Program
                0x0000000008001da8       0xa8 ./Drivers/STM32F4xx_HAL_Driver/Src/stm32f4xx_hal_flash.o
                0x0000000008001da8                HAL_FLASH_Program
 .text.HAL_FLASH_Unlock
                0x0000000008001e50       0x44 ./Drivers/STM32F4xx_HAL_Driver/Src/stm32f4xx_hal_flash.o
                0x0000000008001e50                HAL_FLASH_Unlock
 .text.HAL_FLASH_Lock
                0x0000000008001e94       0x20 ./Drivers/STM32F4xx_HAL_Driver/Src/stm32f4xx_hal_flash.o
                0x0000000008001e94                HAL_FLASH_Lock
 .text.FLASH_WaitForLastOperation
                0x0000000008001eb4       0x80 ./Drivers/STM32F4xx_HAL_Driver/Src/stm32f4xx_hal_flash.o
                0x0000000008001eb4                FLASH_WaitForLastOperation
 .text.FLASH_Program_DoubleWord
                0x0000000008001f34       0x64 ./Drivers/STM32F4xx_HAL_Driver/Src/stm32f4xx_hal_flash.o
 .text.FLASH_Program_Word
                0x0000000008001f98       0x44 ./Drivers/STM32F4xx_HAL_Driver/Src/stm32f4xx_hal_flash.o
 .text.FLASH_Program_HalfWord
                0x0000000008001fdc       0x48 ./Drivers/STM32F4xx_HAL_Driver/Src/stm32f4xx_hal_flash.o
 .text.FLASH_Program_Byte
                0x0000000008002024       0x44 ./Drivers/STM32F4xx_HAL_Driver/Src/stm32f4xx_hal_flash.o
 .text.FLASH_SetErrorCode
                0x0000000008002068       0xac ./Drivers/STM32F4xx_HAL_Driver/Src/stm32f4xx_hal_flash.o
 .text.HAL_FLASHEx_Erase
                0x0000000008002114       0xe0 ./Drivers/STM32F4xx_HAL_Driver/Src/stm32f4xx_hal_flash_ex.o
                0x0000000008002114                HAL_FLASHEx_Erase
 .text.FLASH_MassErase
                0x00000000080021f4       0x48 ./Drivers/STM32F4xx_HAL_Driver/Src/stm32f4xx_hal_flash_ex.o
 .text.FLASH_Erase_Sector
                0x000000000800223c       0x90 ./Drivers/STM32F4xx_HAL_Driver/Src/stm32f4xx_hal_flash_ex.o
                0x000000000800223c                FLASH_Erase_Sector
 .text.FLASH_FlushCaches
                0x00000000080022cc       0x8c ./Drivers/STM32F4xx_HAL_Driver/Src/stm32f4xx_hal_flash_ex.o
                0x00000000080022cc                FLASH_FlushCaches
 .text.HAL_GPIO_Init
                0x0000000008002358      0x338 ./Drivers/STM32F4xx_HAL_Driver/Src/stm32f4xx_hal_gpio.o
                0x0000000008002358                HAL_GPIO_Init
 .text.HAL_GPIO_DeInit
                0x0000000008002690      0x1f8 ./Drivers/STM32F4xx_HAL_Driver/Src/stm32f4xx_hal_gpio.o
                0x0000000008002690                HAL_GPIO_DeInit
 .text.HAL_PCD_Init
                0x0000000008002888      0x23a ./Drivers/STM32F4xx_HAL_Driver/Src/stm32f4xx_hal_pcd.o
                0x0000000008002888                HAL_PCD_Init
 .text.HAL_PCD_DeInit
                0x0000000008002ac2       0x46 ./Drivers/STM32F4xx_HAL_Driver/Src/stm32f4xx_hal_pcd.o
                0x0000000008002ac2                HAL_PCD_DeInit
 .text.HAL_PCD_Start
                0x0000000008002b08       0x66 ./Drivers/STM32F4xx_HAL_Driver/Src/stm32f4xx_hal_pcd.o
                0x0000000008002b08                HAL_PCD_Start
 .text.HAL_PCD_Stop
                0x0000000008002b6e       0x72 ./Drivers/STM32F4xx_HAL_Driver/Src/stm32f4xx_hal_pcd.o
                0x0000000008002b6e                HAL_PCD_Stop
 .text.HAL_PCD_IRQHandler
                0x0000000008002be0      0x764 ./Drivers/STM32F4xx_HAL_Driver/Src/stm32f4xx_hal_pcd.o
                0x0000000008002be0                HAL_PCD_IRQHandler
 .text.HAL_PCD_DevConnect
                0x0000000008003344       0x5c ./Drivers/STM32F4xx_HAL_Driver/Src/stm32f4xx_hal_pcd.o
                0x0000000008003344                HAL_PCD_DevConnect
 .text.HAL_PCD_DevDisconnect
                0x00000000080033a0       0x5c ./Drivers/STM32F4xx_HAL_Driver/Src/stm32f4xx_hal_pcd.o
                0x00000000080033a0                HAL_PCD_DevDisconnect
 .text.HAL_PCD_SetAddress
                0x00000000080033fc       0x4a ./Drivers/STM32F4xx_HAL_Driver/Src/stm32f4xx_hal_pcd.o
                0x00000000080033fc                HAL_PCD_SetAddress
 .text.HAL_PCD_EP_Open
                0x0000000008003446       0xd0 ./Drivers/STM32F4xx_HAL_Driver/Src/stm32f4xx_hal_pcd.o
                0x0000000008003446                HAL_PCD_EP_Open
 .text.HAL_PCD_EP_Close
                0x0000000008003516       0x94 ./Drivers/STM32F4xx_HAL_Driver/Src/stm32f4xx_hal_pcd.o
                0x0000000008003516                HAL_PCD_EP_Close
 .text.HAL_PCD_EP_Receive
                0x00000000080035aa       0x96 ./Drivers/STM32F4xx_HAL_Driver/Src/stm32f4xx_hal_pcd.o
                0x00000000080035aa                HAL_PCD_EP_Receive
 .text.HAL_PCD_EP_GetRxCount
                0x0000000008003640       0x30 ./Drivers/STM32F4xx_HAL_Driver/Src/stm32f4xx_hal_pcd.o
                0x0000000008003640                HAL_PCD_EP_GetRxCount
 .text.HAL_PCD_EP_Transmit
                0x0000000008003670       0x94 ./Drivers/STM32F4xx_HAL_Driver/Src/stm32f4xx_hal_pcd.o
                0x0000000008003670                HAL_PCD_EP_Transmit
 .text.HAL_PCD_EP_SetStall
                0x0000000008003704       0xc8 ./Drivers/STM32F4xx_HAL_Driver/Src/stm32f4xx_hal_pcd.o
                0x0000000008003704                HAL_PCD_EP_SetStall
 .text.HAL_PCD_EP_ClrStall
                0x00000000080037cc       0xac ./Drivers/STM32F4xx_HAL_Driver/Src/stm32f4xx_hal_pcd.o
                0x00000000080037cc                HAL_PCD_EP_ClrStall
 .text.PCD_WriteEmptyTxFifo
                0x0000000008003878      0x11a ./Drivers/STM32F4xx_HAL_Driver/Src/stm32f4xx_hal_pcd.o
 *fill*         0x0000000008003992        0x2 
 .text.PCD_EP_OutXfrComplete_int
                0x0000000008003994      0x218 ./Drivers/STM32F4xx_HAL_Driver/Src/stm32f4xx_hal_pcd.o
 .text.PCD_EP_OutSetupPacket_int
                0x0000000008003bac       0x8c ./Drivers/STM32F4xx_HAL_Driver/Src/stm32f4xx_hal_pcd.o
 .text.HAL_PCDEx_SetTxFiFo
                0x0000000008003c38       0x8e ./Drivers/STM32F4xx_HAL_Driver/Src/stm32f4xx_hal_pcd_ex.o
                0x0000000008003c38                HAL_PCDEx_SetTxFiFo
 .text.HAL_PCDEx_SetRxFiFo
                0x0000000008003cc6       0x22 ./Drivers/STM32F4xx_HAL_Driver/Src/stm32f4xx_hal_pcd_ex.o
                0x0000000008003cc6                HAL_PCDEx_SetRxFiFo
 .text.HAL_PCDEx_LPM_Callback
                0x0000000008003ce8       0x18 ./Drivers/STM32F4xx_HAL_Driver/Src/stm32f4xx_hal_pcd_ex.o
                0x0000000008003ce8                HAL_PCDEx_LPM_Callback
 .text.HAL_RCC_GetHCLKFreq
                0x0000000008003d00       0x18 ./Drivers/STM32F4xx_HAL_Driver/Src/stm32f4xx_hal_rcc.o
                0x0000000008003d00                HAL_RCC_GetHCLKFreq
 .text.LL_GPIO_SetPinMode
                0x0000000008003d18       0x5e ./Drivers/STM32F4xx_HAL_Driver/Src/stm32f4xx_ll_gpio.o
 .text.LL_GPIO_SetPinOutputType
                0x0000000008003d76       0x30 ./Drivers/STM32F4xx_HAL_Driver/Src/stm32f4xx_ll_gpio.o
 .text.LL_GPIO_SetPinSpeed
                0x0000000008003da6       0x5e ./Drivers/STM32F4xx_HAL_Driver/Src/stm32f4xx_ll_gpio.o
 .text.LL_GPIO_SetPinPull
                0x0000000008003e04       0x5e ./Drivers/STM32F4xx_HAL_Driver/Src/stm32f4xx_ll_gpio.o
 .text.LL_GPIO_SetAFPin_0_7
                0x0000000008003e62       0x5e ./Drivers/STM32F4xx_HAL_Driver/Src/stm32f4xx_ll_gpio.o
 .text.LL_GPIO_SetAFPin_8_15
                0x0000000008003ec0       0x62 ./Drivers/STM32F4xx_HAL_Driver/Src/stm32f4xx_ll_gpio.o
 *fill*         0x0000000008003f22        0x2 
 .text.LL_AHB1_GRP1_ForceReset
                0x0000000008003f24       0x24 ./Drivers/STM32F4xx_HAL_Driver/Src/stm32f4xx_ll_gpio.o
 .text.LL_AHB1_GRP1_ReleaseReset
                0x0000000008003f48       0x28 ./Drivers/STM32F4xx_HAL_Driver/Src/stm32f4xx_ll_gpio.o
 .text.LL_GPIO_DeInit
                0x0000000008003f70      0x108 ./Drivers/STM32F4xx_HAL_Driver/Src/stm32f4xx_ll_gpio.o
                0x0000000008003f70                LL_GPIO_DeInit
 .text.LL_GPIO_Init
                0x0000000008004078       0xe6 ./Drivers/STM32F4xx_HAL_Driver/Src/stm32f4xx_ll_gpio.o
                0x0000000008004078                LL_GPIO_Init
 *fill*         0x000000000800415e        0x2 
 .text.LL_RCC_HSI_Enable
                0x0000000008004160       0x20 ./Drivers/STM32F4xx_HAL_Driver/Src/stm32f4xx_ll_rcc.o
 .text.LL_RCC_HSI_IsReady
                0x0000000008004180       0x24 ./Drivers/STM32F4xx_HAL_Driver/Src/stm32f4xx_ll_rcc.o
 .text.LL_RCC_HSI_SetCalibTrimming
                0x00000000080041a4       0x2c ./Drivers/STM32F4xx_HAL_Driver/Src/stm32f4xx_ll_rcc.o
 .text.LL_RCC_GetSysClkSource
                0x00000000080041d0       0x1c ./Drivers/STM32F4xx_HAL_Driver/Src/stm32f4xx_ll_rcc.o
 .text.LL_RCC_GetAHBPrescaler
                0x00000000080041ec       0x1c ./Drivers/STM32F4xx_HAL_Driver/Src/stm32f4xx_ll_rcc.o
 .text.LL_RCC_GetAPB1Prescaler
                0x0000000008004208       0x1c ./Drivers/STM32F4xx_HAL_Driver/Src/stm32f4xx_ll_rcc.o
 .text.LL_RCC_GetAPB2Prescaler
                0x0000000008004224       0x1c ./Drivers/STM32F4xx_HAL_Driver/Src/stm32f4xx_ll_rcc.o
 .text.LL_RCC_PLL_IsReady
                0x0000000008004240       0x28 ./Drivers/STM32F4xx_HAL_Driver/Src/stm32f4xx_ll_rcc.o
 .text.LL_RCC_PLL_GetMainSource
                0x0000000008004268       0x1c ./Drivers/STM32F4xx_HAL_Driver/Src/stm32f4xx_ll_rcc.o
 .text.LL_RCC_PLL_GetN
                0x0000000008004284       0x1c ./Drivers/STM32F4xx_HAL_Driver/Src/stm32f4xx_ll_rcc.o
 .text.LL_RCC_PLL_GetP
                0x00000000080042a0       0x1c ./Drivers/STM32F4xx_HAL_Driver/Src/stm32f4xx_ll_rcc.o
 .text.LL_RCC_PLL_GetDivider
                0x00000000080042bc       0x1c ./Drivers/STM32F4xx_HAL_Driver/Src/stm32f4xx_ll_rcc.o
 .text.LL_RCC_DeInit
                0x00000000080042d8       0xbc ./Drivers/STM32F4xx_HAL_Driver/Src/stm32f4xx_ll_rcc.o
                0x00000000080042d8                LL_RCC_DeInit
 .text.LL_RCC_GetSystemClocksFreq
                0x0000000008004394       0x4a ./Drivers/STM32F4xx_HAL_Driver/Src/stm32f4xx_ll_rcc.o
                0x0000000008004394                LL_RCC_GetSystemClocksFreq
 *fill*         0x00000000080043de        0x2 
 .text.RCC_GetSystemClockFreq
                0x00000000080043e0       0x50 ./Drivers/STM32F4xx_HAL_Driver/Src/stm32f4xx_ll_rcc.o
                0x00000000080043e0                RCC_GetSystemClockFreq
 .text.RCC_GetHCLKClockFreq
                0x0000000008004430       0x2c ./Drivers/STM32F4xx_HAL_Driver/Src/stm32f4xx_ll_rcc.o
                0x0000000008004430                RCC_GetHCLKClockFreq
 .text.RCC_GetPCLK1ClockFreq
                0x000000000800445c       0x28 ./Drivers/STM32F4xx_HAL_Driver/Src/stm32f4xx_ll_rcc.o
                0x000000000800445c                RCC_GetPCLK1ClockFreq
 .text.RCC_GetPCLK2ClockFreq
                0x0000000008004484       0x28 ./Drivers/STM32F4xx_HAL_Driver/Src/stm32f4xx_ll_rcc.o
                0x0000000008004484                RCC_GetPCLK2ClockFreq
 .text.RCC_PLL_GetFreqDomain_SYS
                0x00000000080044ac       0x7c ./Drivers/STM32F4xx_HAL_Driver/Src/stm32f4xx_ll_rcc.o
                0x00000000080044ac                RCC_PLL_GetFreqDomain_SYS
 .text.LL_SPI_IsEnabled
                0x0000000008004528       0x26 ./Drivers/STM32F4xx_HAL_Driver/Src/stm32f4xx_ll_spi.o
 .text.LL_SPI_SetCRCPolynomial
                0x000000000800454e       0x20 ./Drivers/STM32F4xx_HAL_Driver/Src/stm32f4xx_ll_spi.o
 .text.LL_SPI_Init
                0x000000000800456e       0xa4 ./Drivers/STM32F4xx_HAL_Driver/Src/stm32f4xx_ll_spi.o
                0x000000000800456e                LL_SPI_Init
 .text.LL_USART_IsEnabled
                0x0000000008004612       0x28 ./Drivers/STM32F4xx_HAL_Driver/Src/stm32f4xx_ll_usart.o
 .text.LL_USART_SetStopBitsLength
                0x000000000800463a       0x26 ./Drivers/STM32F4xx_HAL_Driver/Src/stm32f4xx_ll_usart.o
 .text.LL_USART_SetHWFlowCtrl
                0x0000000008004660       0x26 ./Drivers/STM32F4xx_HAL_Driver/Src/stm32f4xx_ll_usart.o
 *fill*         0x0000000008004686        0x2 
 .text.LL_USART_SetBaudRate
                0x0000000008004688      0x45c ./Drivers/STM32F4xx_HAL_Driver/Src/stm32f4xx_ll_usart.o
 .text.LL_USART_Init
                0x0000000008004ae4      0x100 ./Drivers/STM32F4xx_HAL_Driver/Src/stm32f4xx_ll_usart.o
                0x0000000008004ae4                LL_USART_Init
 .text.USB_CoreInit
                0x0000000008004be4       0xc2 ./Drivers/STM32F4xx_HAL_Driver/Src/stm32f4xx_ll_usb.o
                0x0000000008004be4                USB_CoreInit
 *fill*         0x0000000008004ca6        0x2 
 .text.USB_SetTurnaroundTime
                0x0000000008004ca8      0x144 ./Drivers/STM32F4xx_HAL_Driver/Src/stm32f4xx_ll_usb.o
                0x0000000008004ca8                USB_SetTurnaroundTime
 .text.USB_EnableGlobalInt
                0x0000000008004dec       0x22 ./Drivers/STM32F4xx_HAL_Driver/Src/stm32f4xx_ll_usb.o
                0x0000000008004dec                USB_EnableGlobalInt
 .text.USB_DisableGlobalInt
                0x0000000008004e0e       0x22 ./Drivers/STM32F4xx_HAL_Driver/Src/stm32f4xx_ll_usb.o
                0x0000000008004e0e                USB_DisableGlobalInt
 .text.USB_SetCurrentMode
                0x0000000008004e30       0x54 ./Drivers/STM32F4xx_HAL_Driver/Src/stm32f4xx_ll_usb.o
                0x0000000008004e30                USB_SetCurrentMode
 .text.USB_DevInit
                0x0000000008004e84      0x2c8 ./Drivers/STM32F4xx_HAL_Driver/Src/stm32f4xx_ll_usb.o
                0x0000000008004e84                USB_DevInit
 .text.USB_FlushTxFifo
                0x000000000800514c       0x4c ./Drivers/STM32F4xx_HAL_Driver/Src/stm32f4xx_ll_usb.o
                0x000000000800514c                USB_FlushTxFifo
 .text.USB_FlushRxFifo
                0x0000000008005198       0x44 ./Drivers/STM32F4xx_HAL_Driver/Src/stm32f4xx_ll_usb.o
                0x0000000008005198                USB_FlushRxFifo
 .text.USB_SetDevSpeed
                0x00000000080051dc       0x32 ./Drivers/STM32F4xx_HAL_Driver/Src/stm32f4xx_ll_usb.o
                0x00000000080051dc                USB_SetDevSpeed
 .text.USB_GetDevSpeed
                0x000000000800520e       0x4a ./Drivers/STM32F4xx_HAL_Driver/Src/stm32f4xx_ll_usb.o
                0x000000000800520e                USB_GetDevSpeed
 .text.USB_ActivateEndpoint
                0x0000000008005258      0x10e ./Drivers/STM32F4xx_HAL_Driver/Src/stm32f4xx_ll_usb.o
                0x0000000008005258                USB_ActivateEndpoint
 *fill*         0x0000000008005366        0x2 
 .text.USB_DeactivateEndpoint
                0x0000000008005368      0x1b8 ./Drivers/STM32F4xx_HAL_Driver/Src/stm32f4xx_ll_usb.o
                0x0000000008005368                USB_DeactivateEndpoint
 .text.USB_EPStartXfer
                0x0000000008005520      0x488 ./Drivers/STM32F4xx_HAL_Driver/Src/stm32f4xx_ll_usb.o
                0x0000000008005520                USB_EPStartXfer
 .text.USB_EP0StartXfer
                0x00000000080059a8      0x2a6 ./Drivers/STM32F4xx_HAL_Driver/Src/stm32f4xx_ll_usb.o
                0x00000000080059a8                USB_EP0StartXfer
 .text.USB_WritePacket
                0x0000000008005c4e       0x6a ./Drivers/STM32F4xx_HAL_Driver/Src/stm32f4xx_ll_usb.o
                0x0000000008005c4e                USB_WritePacket
 .text.USB_ReadPacket
                0x0000000008005cb8       0x52 ./Drivers/STM32F4xx_HAL_Driver/Src/stm32f4xx_ll_usb.o
                0x0000000008005cb8                USB_ReadPacket
 .text.USB_EPSetStall
                0x0000000008005d0a       0xdc ./Drivers/STM32F4xx_HAL_Driver/Src/stm32f4xx_ll_usb.o
                0x0000000008005d0a                USB_EPSetStall
 .text.USB_EPClearStall
                0x0000000008005de6       0xcc ./Drivers/STM32F4xx_HAL_Driver/Src/stm32f4xx_ll_usb.o
                0x0000000008005de6                USB_EPClearStall
 .text.USB_StopDevice
                0x0000000008005eb2       0x9e ./Drivers/STM32F4xx_HAL_Driver/Src/stm32f4xx_ll_usb.o
                0x0000000008005eb2                USB_StopDevice
 .text.USB_SetDevAddress
                0x0000000008005f50       0x4c ./Drivers/STM32F4xx_HAL_Driver/Src/stm32f4xx_ll_usb.o
                0x0000000008005f50                USB_SetDevAddress
 .text.USB_DevConnect
                0x0000000008005f9c       0x42 ./Drivers/STM32F4xx_HAL_Driver/Src/stm32f4xx_ll_usb.o
                0x0000000008005f9c                USB_DevConnect
 .text.USB_DevDisconnect
                0x0000000008005fde       0x42 ./Drivers/STM32F4xx_HAL_Driver/Src/stm32f4xx_ll_usb.o
                0x0000000008005fde                USB_DevDisconnect
 .text.USB_ReadInterrupts
                0x0000000008006020       0x26 ./Drivers/STM32F4xx_HAL_Driver/Src/stm32f4xx_ll_usb.o
                0x0000000008006020                USB_ReadInterrupts
 .text.USB_ReadDevAllOutEpInterrupt
                0x0000000008006046       0x34 ./Drivers/STM32F4xx_HAL_Driver/Src/stm32f4xx_ll_usb.o
                0x0000000008006046                USB_ReadDevAllOutEpInterrupt
 .text.USB_ReadDevAllInEpInterrupt
                0x000000000800607a       0x34 ./Drivers/STM32F4xx_HAL_Driver/Src/stm32f4xx_ll_usb.o
                0x000000000800607a                USB_ReadDevAllInEpInterrupt
 .text.USB_ReadDevOutEPInterrupt
                0x00000000080060ae       0x3c ./Drivers/STM32F4xx_HAL_Driver/Src/stm32f4xx_ll_usb.o
                0x00000000080060ae                USB_ReadDevOutEPInterrupt
 .text.USB_ReadDevInEPInterrupt
                0x00000000080060ea       0x5c ./Drivers/STM32F4xx_HAL_Driver/Src/stm32f4xx_ll_usb.o
                0x00000000080060ea                USB_ReadDevInEPInterrupt
 .text.USB_GetMode
                0x0000000008006146       0x1c ./Drivers/STM32F4xx_HAL_Driver/Src/stm32f4xx_ll_usb.o
                0x0000000008006146                USB_GetMode
 .text.USB_ActivateSetup
                0x0000000008006162       0x46 ./Drivers/STM32F4xx_HAL_Driver/Src/stm32f4xx_ll_usb.o
                0x0000000008006162                USB_ActivateSetup
 .text.USB_EP0_OutStart
                0x00000000080061a8       0xbc ./Drivers/STM32F4xx_HAL_Driver/Src/stm32f4xx_ll_usb.o
                0x00000000080061a8                USB_EP0_OutStart
 .text.USB_CoreReset
                0x0000000008006264       0x68 ./Drivers/STM32F4xx_HAL_Driver/Src/stm32f4xx_ll_usb.o
 .text.LL_SetSystemCoreClock
                0x00000000080062cc       0x20 ./Drivers/STM32F4xx_HAL_Driver/Src/stm32f4xx_ll_utils.o
                0x00000000080062cc                LL_SetSystemCoreClock
 .text.LL_AHB1_GRP1_EnableClock
                0x00000000080062ec       0x30 ./Library/FatFS/mmc.o
 .text.LL_APB1_GRP1_EnableClock
                0x000000000800631c       0x30 ./Library/FatFS/mmc.o
 .text.LL_GPIO_SetOutputPin
                0x000000000800634c       0x1c ./Library/FatFS/mmc.o
 .text.LL_GPIO_ResetOutputPin
                0x0000000008006368       0x1e ./Library/FatFS/mmc.o
 .text.LL_SPI_Enable
                0x0000000008006386       0x20 ./Library/FatFS/mmc.o
 .text.LL_SPI_Disable
                0x00000000080063a6       0x20 ./Library/FatFS/mmc.o
 .text.LL_SPI_SetStandard
                0x00000000080063c6       0x26 ./Library/FatFS/mmc.o
 .text.LL_SPI_IsActiveFlag_RXNE
                0x00000000080063ec       0x26 ./Library/FatFS/mmc.o
 .text.LL_SPI_IsActiveFlag_TXE
                0x0000000008006412       0x26 ./Library/FatFS/mmc.o
 .text.LL_SPI_ReceiveData8
                0x0000000008006438       0x1a ./Library/FatFS/mmc.o
 .text.LL_SPI_TransmitData8
                0x0000000008006452       0x24 ./Library/FatFS/mmc.o
 *fill*         0x0000000008006476        0x2 
 .text.send_initial_clock_train
                0x0000000008006478       0xd8 ./Library/FatFS/mmc.o
 .text.power_on
                0x0000000008006550       0xbc ./Library/FatFS/mmc.o
 .text.set_max_speed
                0x000000000800660c       0x5c ./Library/FatFS/mmc.o
 .text.power_off
                0x0000000008006668       0x24 ./Library/FatFS/mmc.o
 .text.xchg_spi
                0x000000000800668c       0x68 ./Library/FatFS/mmc.o
 .text.rcvr_spi_m
                0x00000000080066f4       0x1e ./Library/FatFS/mmc.o
 .text.wait_ready
                0x0000000008006712       0x46 ./Library/FatFS/mmc.o
 .text.deselect_card
                0x0000000008006758       0x1c ./Library/FatFS/mmc.o
 .text.select_card
                0x0000000008006774       0x30 ./Library/FatFS/mmc.o
 .text.rcvr_datablock
                0x00000000080067a4       0x7c ./Library/FatFS/mmc.o
 .text.xmit_datablock
                0x0000000008006820       0x88 ./Library/FatFS/mmc.o
 .text.send_cmd
                0x00000000080068a8       0xdc ./Library/FatFS/mmc.o
 .text.disk_initialize
                0x0000000008006984      0x1b8 ./Library/FatFS/mmc.o
                0x0000000008006984                disk_initialize
 .text.disk_status
                0x0000000008006b3c       0x2c ./Library/FatFS/mmc.o
                0x0000000008006b3c                disk_status
 .text.disk_read
                0x0000000008006b68       0xd0 ./Library/FatFS/mmc.o
                0x0000000008006b68                disk_read
 .text.disk_write
                0x0000000008006c38       0xfc ./Library/FatFS/mmc.o
                0x0000000008006c38                disk_write
 .text.disk_ioctl
                0x0000000008006d34      0x348 ./Library/FatFS/mmc.o
                0x0000000008006d34                disk_ioctl
 .text.USBD_Init
                0x000000000800707c       0x6c ./Library/STM32_USB_Device_Library/Core/Src/usbd_core.o
                0x000000000800707c                USBD_Init
 .text.USBD_DeInit
                0x00000000080070e8       0x68 ./Library/STM32_USB_Device_Library/Core/Src/usbd_core.o
                0x00000000080070e8                USBD_DeInit
 .text.USBD_RegisterClass
                0x0000000008007150       0x42 ./Library/STM32_USB_Device_Library/Core/Src/usbd_core.o
                0x0000000008007150                USBD_RegisterClass
 .text.USBD_Start
                0x0000000008007192       0x18 ./Library/STM32_USB_Device_Library/Core/Src/usbd_core.o
                0x0000000008007192                USBD_Start
 .text.USBD_RunTestMode
                0x00000000080071aa       0x16 ./Library/STM32_USB_Device_Library/Core/Src/usbd_core.o
                0x00000000080071aa                USBD_RunTestMode
 .text.USBD_SetClassConfig
                0x00000000080071c0       0x38 ./Library/STM32_USB_Device_Library/Core/Src/usbd_core.o
                0x00000000080071c0                USBD_SetClassConfig
 .text.USBD_ClrClassConfig
                0x00000000080071f8       0x30 ./Library/STM32_USB_Device_Library/Core/Src/usbd_core.o
                0x00000000080071f8                USBD_ClrClassConfig
 .text.USBD_LL_SetupStage
                0x0000000008007228       0xaa ./Library/STM32_USB_Device_Library/Core/Src/usbd_core.o
                0x0000000008007228                USBD_LL_SetupStage
 .text.USBD_LL_DataOutStage
                0x00000000080072d2       0xc6 ./Library/STM32_USB_Device_Library/Core/Src/usbd_core.o
                0x00000000080072d2                USBD_LL_DataOutStage
 .text.USBD_LL_DataInStage
                0x0000000008007398      0x12c ./Library/STM32_USB_Device_Library/Core/Src/usbd_core.o
                0x0000000008007398                USBD_LL_DataInStage
 .text.USBD_LL_Reset
                0x00000000080074c4       0x82 ./Library/STM32_USB_Device_Library/Core/Src/usbd_core.o
                0x00000000080074c4                USBD_LL_Reset
 .text.USBD_LL_SetSpeed
                0x0000000008007546       0x20 ./Library/STM32_USB_Device_Library/Core/Src/usbd_core.o
                0x0000000008007546                USBD_LL_SetSpeed
 .text.USBD_LL_Suspend
                0x0000000008007566       0x2a ./Library/STM32_USB_Device_Library/Core/Src/usbd_core.o
                0x0000000008007566                USBD_LL_Suspend
 .text.USBD_LL_Resume
                0x0000000008007590       0x2c ./Library/STM32_USB_Device_Library/Core/Src/usbd_core.o
                0x0000000008007590                USBD_LL_Resume
 .text.USBD_LL_SOF
                0x00000000080075bc       0x34 ./Library/STM32_USB_Device_Library/Core/Src/usbd_core.o
                0x00000000080075bc                USBD_LL_SOF
 .text.USBD_LL_IsoINIncomplete
                0x00000000080075f0       0x1a ./Library/STM32_USB_Device_Library/Core/Src/usbd_core.o
                0x00000000080075f0                USBD_LL_IsoINIncomplete
 .text.USBD_LL_IsoOUTIncomplete
                0x000000000800760a       0x1a ./Library/STM32_USB_Device_Library/Core/Src/usbd_core.o
                0x000000000800760a                USBD_LL_IsoOUTIncomplete
 .text.USBD_LL_DevConnected
                0x0000000008007624       0x16 ./Library/STM32_USB_Device_Library/Core/Src/usbd_core.o
                0x0000000008007624                USBD_LL_DevConnected
 .text.USBD_LL_DevDisconnected
                0x000000000800763a       0x38 ./Library/STM32_USB_Device_Library/Core/Src/usbd_core.o
                0x000000000800763a                USBD_LL_DevDisconnected
 .text.SWAPBYTE
                0x0000000008007672       0x3c ./Library/STM32_USB_Device_Library/Core/Src/usbd_ctlreq.o
 *fill*         0x00000000080076ae        0x2 
 .text.USBD_StdDevReq
                0x00000000080076b0       0xdc ./Library/STM32_USB_Device_Library/Core/Src/usbd_ctlreq.o
                0x00000000080076b0                USBD_StdDevReq
 .text.USBD_StdItfReq
                0x000000000800778c       0x90 ./Library/STM32_USB_Device_Library/Core/Src/usbd_ctlreq.o
                0x000000000800778c                USBD_StdItfReq
 .text.USBD_StdEPReq
                0x000000000800781c      0x2ba ./Library/STM32_USB_Device_Library/Core/Src/usbd_ctlreq.o
                0x000000000800781c                USBD_StdEPReq
 *fill*         0x0000000008007ad6        0x2 
 .text.USBD_GetDescriptor
                0x0000000008007ad8      0x328 ./Library/STM32_USB_Device_Library/Core/Src/usbd_ctlreq.o
 .text.USBD_SetAddress
                0x0000000008007e00       0x86 ./Library/STM32_USB_Device_Library/Core/Src/usbd_ctlreq.o
 *fill*         0x0000000008007e86        0x2 
 .text.USBD_SetConfig
                0x0000000008007e88      0x148 ./Library/STM32_USB_Device_Library/Core/Src/usbd_ctlreq.o
 .text.USBD_GetConfig
                0x0000000008007fd0       0x6a ./Library/STM32_USB_Device_Library/Core/Src/usbd_ctlreq.o
 .text.USBD_GetStatus
                0x000000000800803a       0x66 ./Library/STM32_USB_Device_Library/Core/Src/usbd_ctlreq.o
 .text.USBD_SetFeature
                0x00000000080080a0       0x28 ./Library/STM32_USB_Device_Library/Core/Src/usbd_ctlreq.o
 .text.USBD_ClrFeature
                0x00000000080080c8       0x42 ./Library/STM32_USB_Device_Library/Core/Src/usbd_ctlreq.o
 .text.USBD_ParseSetupRequest
                0x000000000800810a       0x74 ./Library/STM32_USB_Device_Library/Core/Src/usbd_ctlreq.o
                0x000000000800810a                USBD_ParseSetupRequest
 .text.USBD_CtlError
                0x000000000800817e       0x22 ./Library/STM32_USB_Device_Library/Core/Src/usbd_ctlreq.o
                0x000000000800817e                USBD_CtlError
 .text.USBD_GetString
                0x00000000080081a0       0x8c ./Library/STM32_USB_Device_Library/Core/Src/usbd_ctlreq.o
                0x00000000080081a0                USBD_GetString
 .text.USBD_GetLen
                0x000000000800822c       0x34 ./Library/STM32_USB_Device_Library/Core/Src/usbd_ctlreq.o
 .text.USBD_CtlSendData
                0x0000000008008260       0x36 ./Library/STM32_USB_Device_Library/Core/Src/usbd_ioreq.o
                0x0000000008008260                USBD_CtlSendData
 .text.USBD_CtlContinueSendData
                0x0000000008008296       0x22 ./Library/STM32_USB_Device_Library/Core/Src/usbd_ioreq.o
                0x0000000008008296                USBD_CtlContinueSendData
 .text.USBD_CtlContinueRx
                0x00000000080082b8       0x22 ./Library/STM32_USB_Device_Library/Core/Src/usbd_ioreq.o
                0x00000000080082b8                USBD_CtlContinueRx
 .text.USBD_CtlSendStatus
                0x00000000080082da       0x26 ./Library/STM32_USB_Device_Library/Core/Src/usbd_ioreq.o
                0x00000000080082da                USBD_CtlSendStatus
 .text.USBD_CtlReceiveStatus
                0x0000000008008300       0x26 ./Library/STM32_USB_Device_Library/Core/Src/usbd_ioreq.o
                0x0000000008008300                USBD_CtlReceiveStatus
 .text.CpuIrqDisable
                0x0000000008008326       0x10 ./Loader/ARMCM4_STM32F4/GCC/cpu_comp.o
                0x0000000008008326                CpuIrqDisable
 .text.CpuIrqEnable
                0x0000000008008336       0x10 ./Loader/ARMCM4_STM32F4/GCC/cpu_comp.o
                0x0000000008008336                CpuIrqEnable
 *fill*         0x0000000008008346        0x2 
 .text.CanGetSpeedConfig
                0x0000000008008348       0xec ./Loader/ARMCM4_STM32F4/can.o
 .text.CanInit  0x0000000008008434      0x120 ./Loader/ARMCM4_STM32F4/can.o
                0x0000000008008434                CanInit
 .text.CanTransmitPacket
                0x0000000008008554       0x94 ./Loader/ARMCM4_STM32F4/can.o
                0x0000000008008554                CanTransmitPacket
 .text.CanReceivePacket
                0x00000000080085e8       0x84 ./Loader/ARMCM4_STM32F4/can.o
                0x00000000080085e8                CanReceivePacket
 .text.CpuInit  0x000000000800866c        0xc ./Loader/ARMCM4_STM32F4/cpu.o
                0x000000000800866c                CpuInit
 .text.CpuStartUserProgram
                0x0000000008008678       0x60 ./Loader/ARMCM4_STM32F4/cpu.o
                0x0000000008008678                CpuStartUserProgram
 .text.CpuMemCopy
                0x00000000080086d8       0x40 ./Loader/ARMCM4_STM32F4/cpu.o
                0x00000000080086d8                CpuMemCopy
 .text.FlashInit
                0x0000000008008718       0x28 ./Loader/ARMCM4_STM32F4/flash.o
                0x0000000008008718                FlashInit
 .text.FlashWrite
                0x0000000008008740       0x94 ./Loader/ARMCM4_STM32F4/flash.o
                0x0000000008008740                FlashWrite
 .text.FlashErase
                0x00000000080087d4       0x6c ./Loader/ARMCM4_STM32F4/flash.o
                0x00000000080087d4                FlashErase
 .text.FlashWriteChecksum
                0x0000000008008840       0xa8 ./Loader/ARMCM4_STM32F4/flash.o
                0x0000000008008840                FlashWriteChecksum
 .text.FlashVerifyChecksum
                0x00000000080088e8       0x88 ./Loader/ARMCM4_STM32F4/flash.o
                0x00000000080088e8                FlashVerifyChecksum
 .text.FlashDone
                0x0000000008008970       0x48 ./Loader/ARMCM4_STM32F4/flash.o
                0x0000000008008970                FlashDone
 .text.FlashGetUserProgBaseAddress
                0x00000000080089b8       0x14 ./Loader/ARMCM4_STM32F4/flash.o
                0x00000000080089b8                FlashGetUserProgBaseAddress
 .text.FlashInitBlock
                0x00000000080089cc       0x46 ./Loader/ARMCM4_STM32F4/flash.o
 *fill*         0x0000000008008a12        0x2 
 .text.FlashSwitchBlock
                0x0000000008008a14       0x64 ./Loader/ARMCM4_STM32F4/flash.o
 .text.FlashAddToBlock
                0x0000000008008a78       0xc4 ./Loader/ARMCM4_STM32F4/flash.o
 .text.FlashWriteBlock
                0x0000000008008b3c       0x7e ./Loader/ARMCM4_STM32F4/flash.o
 *fill*         0x0000000008008bba        0x2 
 .text.FlashEmptyCheckSector
                0x0000000008008bbc       0xd4 ./Loader/ARMCM4_STM32F4/flash.o
 .text.FlashEraseSectors
                0x0000000008008c90       0xba ./Loader/ARMCM4_STM32F4/flash.o
 *fill*         0x0000000008008d4a        0x2 
 .text.FlashGetSector
                0x0000000008008d4c       0x88 ./Loader/ARMCM4_STM32F4/flash.o
 .text.NvmInit  0x0000000008008dd4        0xc ./Loader/ARMCM4_STM32F4/nvm.o
                0x0000000008008dd4                NvmInit
 .text.NvmWrite
                0x0000000008008de0       0x20 ./Loader/ARMCM4_STM32F4/nvm.o
                0x0000000008008de0                NvmWrite
 .text.NvmErase
                0x0000000008008e00       0x1c ./Loader/ARMCM4_STM32F4/nvm.o
                0x0000000008008e00                NvmErase
 .text.NvmVerifyChecksum
                0x0000000008008e1c        0xe ./Loader/ARMCM4_STM32F4/nvm.o
                0x0000000008008e1c                NvmVerifyChecksum
 .text.NvmGetUserProgBaseAddress
                0x0000000008008e2a        0xe ./Loader/ARMCM4_STM32F4/nvm.o
                0x0000000008008e2a                NvmGetUserProgBaseAddress
 .text.NvmDone  0x0000000008008e38       0x1c ./Loader/ARMCM4_STM32F4/nvm.o
                0x0000000008008e38                NvmDone
 .text.LL_USART_Enable
                0x0000000008008e54       0x20 ./Loader/ARMCM4_STM32F4/rs232.o
 .text.LL_USART_Disable
                0x0000000008008e74       0x20 ./Loader/ARMCM4_STM32F4/rs232.o
 .text.LL_USART_IsActiveFlag_RXNE
                0x0000000008008e94       0x26 ./Loader/ARMCM4_STM32F4/rs232.o
 .text.LL_USART_IsActiveFlag_TXE
                0x0000000008008eba       0x26 ./Loader/ARMCM4_STM32F4/rs232.o
 .text.LL_USART_ReceiveData8
                0x0000000008008ee0       0x1a ./Loader/ARMCM4_STM32F4/rs232.o
 .text.LL_USART_TransmitData8
                0x0000000008008efa       0x1e ./Loader/ARMCM4_STM32F4/rs232.o
 .text.Rs232Init
                0x0000000008008f18       0x48 ./Loader/ARMCM4_STM32F4/rs232.o
                0x0000000008008f18                Rs232Init
 .text.Rs232TransmitPacket
                0x0000000008008f60       0x58 ./Loader/ARMCM4_STM32F4/rs232.o
                0x0000000008008f60                Rs232TransmitPacket
 .text.Rs232ReceivePacket
                0x0000000008008fb8       0xcc ./Loader/ARMCM4_STM32F4/rs232.o
                0x0000000008008fb8                Rs232ReceivePacket
 .text.Rs232ReceiveByte
                0x0000000008009084       0x34 ./Loader/ARMCM4_STM32F4/rs232.o
 .text.Rs232TransmitByte
                0x00000000080090b8       0x4c ./Loader/ARMCM4_STM32F4/rs232.o
 .text.TimerInit
                0x0000000008009104       0x30 ./Loader/ARMCM4_STM32F4/timer.o
                0x0000000008009104                TimerInit
 .text.TimerReset
                0x0000000008009134       0x24 ./Loader/ARMCM4_STM32F4/timer.o
                0x0000000008009134                TimerReset
 .text.TimerUpdate
                0x0000000008009158       0x2c ./Loader/ARMCM4_STM32F4/timer.o
                0x0000000008009158                TimerUpdate
 .text.TimerGet
                0x0000000008009184       0x14 ./Loader/ARMCM4_STM32F4/timer.o
                0x0000000008009184                TimerGet
 .text.HAL_GetTick
                0x0000000008009198        0xe ./Loader/ARMCM4_STM32F4/timer.o
                0x0000000008009198                HAL_GetTick
 *fill*         0x00000000080091a6        0x2 
 .text.UsbInit  0x00000000080091a8       0xa4 ./Loader/ARMCM4_STM32F4/usb.o
                0x00000000080091a8                UsbInit
 .text.UsbFree  0x000000000800924c       0x24 ./Loader/ARMCM4_STM32F4/usb.o
                0x000000000800924c                UsbFree
 .text.UsbTransmitPacket
                0x0000000008009270       0x7c ./Loader/ARMCM4_STM32F4/usb.o
                0x0000000008009270                UsbTransmitPacket
 .text.UsbReceivePacket
                0x00000000080092ec       0xb8 ./Loader/ARMCM4_STM32F4/usb.o
                0x00000000080092ec                UsbReceivePacket
 .text.UsbReceiveByte
                0x00000000080093a4       0x28 ./Loader/ARMCM4_STM32F4/usb.o
 .text.UsbTransmitByte
                0x00000000080093cc       0x2c ./Loader/ARMCM4_STM32F4/usb.o
 .text.UsbTransmitPipeBulkIN
                0x00000000080093f8       0x88 ./Loader/ARMCM4_STM32F4/usb.o
                0x00000000080093f8                UsbTransmitPipeBulkIN
 .text.UsbReceivePipeBulkOUT
                0x0000000008009480       0x80 ./Loader/ARMCM4_STM32F4/usb.o
                0x0000000008009480                UsbReceivePipeBulkOUT
 .text.UsbFifoMgrInit
                0x0000000008009500       0x64 ./Loader/ARMCM4_STM32F4/usb.o
 .text.UsbFifoMgrCreate
                0x0000000008009564       0x64 ./Loader/ARMCM4_STM32F4/usb.o
 .text.UsbFifoMgrWrite
                0x00000000080095c8      0x10c ./Loader/ARMCM4_STM32F4/usb.o
 .text.UsbFifoMgrRead
                0x00000000080096d4       0xf8 ./Loader/ARMCM4_STM32F4/usb.o
 .text.UsbFifoMgrScan
                0x00000000080097cc       0x3c ./Loader/ARMCM4_STM32F4/usb.o
 .text.AssertFailure
                0x0000000008009808       0x10 ./Loader/asserts.o
                0x0000000008009808                AssertFailure
 .text.BackDoorInit
                0x0000000008009818       0x1c ./Loader/backdoor.o
                0x0000000008009818                BackDoorInit
 .text.BackDoorCheck
                0x0000000008009834       0x64 ./Loader/backdoor.o
                0x0000000008009834                BackDoorCheck
 .text.BackDoorSetExtension
                0x0000000008009898       0x20 ./Loader/backdoor.o
                0x0000000008009898                BackDoorSetExtension
 .text.BackDoorGetExtension
                0x00000000080098b8       0x18 ./Loader/backdoor.o
                0x00000000080098b8                BackDoorGetExtension
 .text.BackDoorRestartTimer
                0x00000000080098d0       0x24 ./Loader/backdoor.o
                0x00000000080098d0                BackDoorRestartTimer
 .text.BootInit
                0x00000000080098f4       0x24 ./Loader/boot.o
                0x00000000080098f4                BootInit
 .text.BootTask
                0x0000000008009918       0x1c ./Loader/boot.o
                0x0000000008009918                BootTask
 .text.ComInit  0x0000000008009934       0x30 ./Loader/com.o
                0x0000000008009934                ComInit
 .text.ComTask  0x0000000008009964       0x78 ./Loader/com.o
                0x0000000008009964                ComTask
 .text.ComFree  0x00000000080099dc        0xc ./Loader/com.o
                0x00000000080099dc                ComFree
 .text.ComTransmitPacket
                0x00000000080099e8       0x58 ./Loader/com.o
                0x00000000080099e8                ComTransmitPacket
 .text.ComGetActiveInterfaceMaxRxLen
                0x0000000008009a40       0x54 ./Loader/com.o
                0x0000000008009a40                ComGetActiveInterfaceMaxRxLen
 .text.ComGetActiveInterfaceMaxTxLen
                0x0000000008009a94       0x54 ./Loader/com.o
                0x0000000008009a94                ComGetActiveInterfaceMaxTxLen
 .text.ComIsConnected
                0x0000000008009ae8       0x22 ./Loader/com.o
                0x0000000008009ae8                ComIsConnected
 .text.CopInit  0x0000000008009b0a        0xc ./Loader/cop.o
                0x0000000008009b0a                CopInit
 .text.CopService
                0x0000000008009b16        0xc ./Loader/cop.o
                0x0000000008009b16                CopService
 *fill*         0x0000000008009b22        0x2 
 .text.FileInit
                0x0000000008009b24       0x40 ./Loader/file.o
                0x0000000008009b24                FileInit
 .text.FileIsIdle
                0x0000000008009b64       0x20 ./Loader/file.o
                0x0000000008009b64                FileIsIdle
 .text.FileHandleFirmwareUpdateRequest
                0x0000000008009b84       0x3c ./Loader/file.o
                0x0000000008009b84                FileHandleFirmwareUpdateRequest
 .text.FileTask
                0x0000000008009bc0      0x51c ./Loader/file.o
                0x0000000008009bc0                FileTask
 .text.FileSrecGetLineType
                0x000000000800a0dc       0x88 ./Loader/file.o
                0x000000000800a0dc                FileSrecGetLineType
 .text.FileSrecVerifyChecksum
                0x000000000800a164       0x72 ./Loader/file.o
                0x000000000800a164                FileSrecVerifyChecksum
 *fill*         0x000000000800a1d6        0x2 
 .text.FileSrecParseLine
                0x000000000800a1d8      0x258 ./Loader/file.o
                0x000000000800a1d8                FileSrecParseLine
 .text.FileLibByteNibbleToChar
                0x000000000800a430       0x5c ./Loader/file.o
 .text.FileLibByteToHexString
                0x000000000800a48c       0x48 ./Loader/file.o
 .text.FileLibLongToIntString
                0x000000000800a4d4       0x78 ./Loader/file.o
 .text.FileLibHexStringToByte
                0x000000000800a54c       0x98 ./Loader/file.o
 .text.XcpInit  0x000000000800a5e4       0x44 ./Loader/xcp.o
                0x000000000800a5e4                XcpInit
 .text.XcpIsConnected
                0x000000000800a628       0x24 ./Loader/xcp.o
                0x000000000800a628                XcpIsConnected
 .text.XcpPacketTransmitted
                0x000000000800a64c       0x1c ./Loader/xcp.o
                0x000000000800a64c                XcpPacketTransmitted
 .text.XcpPacketReceived
                0x000000000800a668      0x1cc ./Loader/xcp.o
                0x000000000800a668                XcpPacketReceived
 .text.XcpTransmitPacket
                0x000000000800a834       0x1e ./Loader/xcp.o
 .text.XcpComputeChecksum
                0x000000000800a852       0x40 ./Loader/xcp.o
 *fill*         0x000000000800a892        0x2 
 .text.XcpProtectResources
                0x000000000800a894       0x1c ./Loader/xcp.o
 .text.XcpSetCtoError
                0x000000000800a8b0       0x30 ./Loader/xcp.o
 .text.XcpGetOrderedLong
                0x000000000800a8e0       0x50 ./Loader/xcp.o
 .text.XcpSetOrderedLong
                0x000000000800a930       0x42 ./Loader/xcp.o
 *fill*         0x000000000800a972        0x2 
 .text.XcpCmdConnect
                0x000000000800a974       0x98 ./Loader/xcp.o
 .text.XcpCmdDisconnect
                0x000000000800aa0c       0x30 ./Loader/xcp.o
 .text.XcpCmdGetStatus
                0x000000000800aa3c       0x48 ./Loader/xcp.o
 .text.XcpCmdSynch
                0x000000000800aa84       0x16 ./Loader/xcp.o
 *fill*         0x000000000800aa9a        0x2 
 .text.XcpCmdGetId
                0x000000000800aa9c       0x50 ./Loader/xcp.o
 .text.XcpCmdSetMta
                0x000000000800aaec       0x34 ./Loader/xcp.o
 .text.XcpCmdUpload
                0x000000000800ab20       0x7c ./Loader/xcp.o
 .text.XcpCmdShortUpload
                0x000000000800ab9c       0x90 ./Loader/xcp.o
 .text.XcpCmdBuildCheckSum
                0x000000000800ac2c       0x68 ./Loader/xcp.o
 .text.XcpCmdProgramStart
                0x000000000800ac94       0x4c ./Loader/xcp.o
 .text.XcpCmdProgramMax
                0x000000000800ace0       0x60 ./Loader/xcp.o
 .text.XcpCmdProgram
                0x000000000800ad40       0x94 ./Loader/xcp.o
 .text.XcpCmdProgramClear
                0x000000000800add4       0x4c ./Loader/xcp.o
 .text.XcpCmdProgramReset
                0x000000000800ae20       0x28 ./Loader/xcp.o
 .text.XcpCmdProgramPrepare
                0x000000000800ae48       0x16 ./Loader/xcp.o
 .text.ld_word  0x000000000800ae5e       0x30 ./Loader/third_party/fatfs/src/ff.o
 .text.ld_dword
                0x000000000800ae8e       0x46 ./Loader/third_party/fatfs/src/ff.o
 .text.st_word  0x000000000800aed4       0x36 ./Loader/third_party/fatfs/src/ff.o
 .text.st_dword
                0x000000000800af0a       0x58 ./Loader/third_party/fatfs/src/ff.o
 .text.mem_cpy  0x000000000800af62       0x42 ./Loader/third_party/fatfs/src/ff.o
 .text.mem_set  0x000000000800afa4       0x36 ./Loader/third_party/fatfs/src/ff.o
 .text.mem_cmp  0x000000000800afda       0x4e ./Loader/third_party/fatfs/src/ff.o
 .text.chk_chr  0x000000000800b028       0x36 ./Loader/third_party/fatfs/src/ff.o
 .text.sync_window
                0x000000000800b05e       0x88 ./Loader/third_party/fatfs/src/ff.o
 .text.move_window
                0x000000000800b0e6       0x5a ./Loader/third_party/fatfs/src/ff.o
 .text.sync_fs  0x000000000800b140       0xdc ./Loader/third_party/fatfs/src/ff.o
 .text.clust2sect
                0x000000000800b21c       0x3e ./Loader/third_party/fatfs/src/ff.o
 .text.get_fat  0x000000000800b25a      0x14c ./Loader/third_party/fatfs/src/ff.o
 .text.put_fat  0x000000000800b3a6      0x1ca ./Loader/third_party/fatfs/src/ff.o
 .text.remove_chain
                0x000000000800b570       0xc6 ./Loader/third_party/fatfs/src/ff.o
 .text.create_chain
                0x000000000800b636      0x130 ./Loader/third_party/fatfs/src/ff.o
 .text.dir_sdi  0x000000000800b766       0xf6 ./Loader/third_party/fatfs/src/ff.o
 .text.dir_next
                0x000000000800b85c      0x188 ./Loader/third_party/fatfs/src/ff.o
 .text.dir_alloc
                0x000000000800b9e4       0x8e ./Loader/third_party/fatfs/src/ff.o
 .text.ld_clust
                0x000000000800ba72       0x3e ./Loader/third_party/fatfs/src/ff.o
 .text.st_clust
                0x000000000800bab0       0x40 ./Loader/third_party/fatfs/src/ff.o
 .text.cmp_lfn  0x000000000800baf0       0xe0 ./Loader/third_party/fatfs/src/ff.o
 .text.pick_lfn
                0x000000000800bbd0       0xc8 ./Loader/third_party/fatfs/src/ff.o
 .text.put_lfn  0x000000000800bc98       0xd0 ./Loader/third_party/fatfs/src/ff.o
 .text.gen_numname
                0x000000000800bd68      0x11c ./Loader/third_party/fatfs/src/ff.o
 .text.sum_sfn  0x000000000800be84       0x42 ./Loader/third_party/fatfs/src/ff.o
 .text.dir_read
                0x000000000800bec6      0x14e ./Loader/third_party/fatfs/src/ff.o
 .text.dir_find
                0x000000000800c014      0x17c ./Loader/third_party/fatfs/src/ff.o
 .text.dir_register
                0x000000000800c190      0x1fc ./Loader/third_party/fatfs/src/ff.o
 .text.dir_remove
                0x000000000800c38c       0x94 ./Loader/third_party/fatfs/src/ff.o
 .text.get_fileinfo
                0x000000000800c420      0x1b6 ./Loader/third_party/fatfs/src/ff.o
 *fill*         0x000000000800c5d6        0x2 
 .text.create_name
                0x000000000800c5d8      0x370 ./Loader/third_party/fatfs/src/ff.o
 .text.follow_path
                0x000000000800c948       0xe2 ./Loader/third_party/fatfs/src/ff.o
 .text.get_ldnumber
                0x000000000800ca2a       0x88 ./Loader/third_party/fatfs/src/ff.o
 *fill*         0x000000000800cab2        0x2 
 .text.check_fs
                0x000000000800cab4       0x88 ./Loader/third_party/fatfs/src/ff.o
 .text.find_volume
                0x000000000800cb3c      0x490 ./Loader/third_party/fatfs/src/ff.o
 .text.validate
                0x000000000800cfcc       0x6c ./Loader/third_party/fatfs/src/ff.o
 .text.f_mount  0x000000000800d038       0x88 ./Loader/third_party/fatfs/src/ff.o
                0x000000000800d038                f_mount
 .text.f_open   0x000000000800d0c0      0x244 ./Loader/third_party/fatfs/src/ff.o
                0x000000000800d0c0                f_open
 .text.f_read   0x000000000800d304      0x266 ./Loader/third_party/fatfs/src/ff.o
                0x000000000800d304                f_read
 .text.f_write  0x000000000800d56a      0x2d0 ./Loader/third_party/fatfs/src/ff.o
                0x000000000800d56a                f_write
 *fill*         0x000000000800d83a        0x2 
 .text.f_sync   0x000000000800d83c      0x100 ./Loader/third_party/fatfs/src/ff.o
                0x000000000800d83c                f_sync
 .text.f_close  0x000000000800d93c       0x3e ./Loader/third_party/fatfs/src/ff.o
                0x000000000800d93c                f_close
 .text.f_lseek  0x000000000800d97a      0x25a ./Loader/third_party/fatfs/src/ff.o
                0x000000000800d97a                f_lseek
 .text.f_stat   0x000000000800dbd4       0x84 ./Loader/third_party/fatfs/src/ff.o
                0x000000000800dbd4                f_stat
 .text.f_unlink
                0x000000000800dc58      0x14c ./Loader/third_party/fatfs/src/ff.o
                0x000000000800dc58                f_unlink
 .text.f_gets   0x000000000800dda4       0x7a ./Loader/third_party/fatfs/src/ff.o
                0x000000000800dda4                f_gets
 .text.putc_bfd
                0x000000000800de1e       0x7a ./Loader/third_party/fatfs/src/ff.o
 .text.f_puts   0x000000000800de98       0x72 ./Loader/third_party/fatfs/src/ff.o
                0x000000000800de98                f_puts
 *fill*         0x000000000800df0a        0x2 
 .text.ff_convert
                0x000000000800df0c       0x78 ./Loader/third_party/fatfs/src/option/unicode.o
                0x000000000800df0c                ff_convert
 .text.ff_wtoupper
                0x000000000800df84      0x114 ./Loader/third_party/fatfs/src/option/unicode.o
                0x000000000800df84                ff_wtoupper
 .text.USBD_Bulk_Init
                0x000000000800e098       0x44 ./USB_DEVICE/App/usbd_bulk.o
 .text.USBD_Bulk_DeInit
                0x000000000800e0dc       0x2a ./USB_DEVICE/App/usbd_bulk.o
 *fill*         0x000000000800e106        0x2 
 .text.USBD_Bulk_Setup
                0x000000000800e108       0xd8 ./USB_DEVICE/App/usbd_bulk.o
 .text.USBD_Bulk_DataIn
                0x000000000800e1e0       0x1a ./USB_DEVICE/App/usbd_bulk.o
 .text.USBD_Bulk_DataOut
                0x000000000800e1fa       0x1e ./USB_DEVICE/App/usbd_bulk.o
 .text.USBD_Bulk_SOF
                0x000000000800e218       0x20 ./USB_DEVICE/App/usbd_bulk.o
 .text.USBD_Bulk_GetFSCfgDesc
                0x000000000800e238       0x20 ./USB_DEVICE/App/usbd_bulk.o
 .text.USBD_Bulk_GetDeviceQualifierDescriptor
                0x000000000800e258       0x20 ./USB_DEVICE/App/usbd_bulk.o
                0x000000000800e258                USBD_Bulk_GetDeviceQualifierDescriptor
 .text.USBD_Bulk_GetRxBufferPtr
                0x000000000800e278       0x14 ./USB_DEVICE/App/usbd_bulk.o
                0x000000000800e278                USBD_Bulk_GetRxBufferPtr
 .text.USBD_FS_DeviceDescriptor
                0x000000000800e28c       0x24 ./USB_DEVICE/App/usbd_desc.o
                0x000000000800e28c                USBD_FS_DeviceDescriptor
 .text.USBD_FS_LangIDStrDescriptor
                0x000000000800e2b0       0x24 ./USB_DEVICE/App/usbd_desc.o
                0x000000000800e2b0                USBD_FS_LangIDStrDescriptor
 .text.USBD_FS_ProductStrDescriptor
                0x000000000800e2d4       0x3c ./USB_DEVICE/App/usbd_desc.o
                0x000000000800e2d4                USBD_FS_ProductStrDescriptor
 .text.USBD_FS_ManufacturerStrDescriptor
                0x000000000800e310       0x28 ./USB_DEVICE/App/usbd_desc.o
                0x000000000800e310                USBD_FS_ManufacturerStrDescriptor
 .text.USBD_FS_SerialStrDescriptor
                0x000000000800e338       0x24 ./USB_DEVICE/App/usbd_desc.o
                0x000000000800e338                USBD_FS_SerialStrDescriptor
 .text.USBD_FS_ConfigStrDescriptor
                0x000000000800e35c       0x3c ./USB_DEVICE/App/usbd_desc.o
                0x000000000800e35c                USBD_FS_ConfigStrDescriptor
 .text.USBD_FS_InterfaceStrDescriptor
                0x000000000800e398       0x3c ./USB_DEVICE/App/usbd_desc.o
                0x000000000800e398                USBD_FS_InterfaceStrDescriptor
 .text.USBD_FS_USR_BOSDescriptor
                0x000000000800e3d4       0x24 ./USB_DEVICE/App/usbd_desc.o
                0x000000000800e3d4                USBD_FS_USR_BOSDescriptor
 .text.Get_SerialNum
                0x000000000800e3f8       0x58 ./USB_DEVICE/App/usbd_desc.o
 .text.IntToUnicode
                0x000000000800e450       0x7e ./USB_DEVICE/App/usbd_desc.o
 .text.HAL_PCD_SetupStageCallback
                0x000000000800e4ce       0x24 ./USB_DEVICE/Target/usbd_conf.o
                0x000000000800e4ce                HAL_PCD_SetupStageCallback
 .text.HAL_PCD_DataOutStageCallback
                0x000000000800e4f2       0x36 ./USB_DEVICE/Target/usbd_conf.o
                0x000000000800e4f2                HAL_PCD_DataOutStageCallback
 .text.HAL_PCD_DataInStageCallback
                0x000000000800e528       0x34 ./USB_DEVICE/Target/usbd_conf.o
                0x000000000800e528                HAL_PCD_DataInStageCallback
 .text.HAL_PCD_SOFCallback
                0x000000000800e55c       0x1c ./USB_DEVICE/Target/usbd_conf.o
                0x000000000800e55c                HAL_PCD_SOFCallback
 .text.HAL_PCD_ResetCallback
                0x000000000800e578       0x50 ./USB_DEVICE/Target/usbd_conf.o
                0x000000000800e578                HAL_PCD_ResetCallback
 .text.HAL_PCD_SuspendCallback
                0x000000000800e5c8       0x50 ./USB_DEVICE/Target/usbd_conf.o
                0x000000000800e5c8                HAL_PCD_SuspendCallback
 .text.HAL_PCD_ResumeCallback
                0x000000000800e618       0x20 ./USB_DEVICE/Target/usbd_conf.o
                0x000000000800e618                HAL_PCD_ResumeCallback
 .text.HAL_PCD_ISOOUTIncompleteCallback
                0x000000000800e638       0x24 ./USB_DEVICE/Target/usbd_conf.o
                0x000000000800e638                HAL_PCD_ISOOUTIncompleteCallback
 .text.HAL_PCD_ISOINIncompleteCallback
                0x000000000800e65c       0x24 ./USB_DEVICE/Target/usbd_conf.o
                0x000000000800e65c                HAL_PCD_ISOINIncompleteCallback
 .text.HAL_PCD_ConnectCallback
                0x000000000800e680       0x22 ./USB_DEVICE/Target/usbd_conf.o
                0x000000000800e680                HAL_PCD_ConnectCallback
 .text.HAL_PCD_DisconnectCallback
                0x000000000800e6a2       0x22 ./USB_DEVICE/Target/usbd_conf.o
                0x000000000800e6a2                HAL_PCD_DisconnectCallback
 .text.USBD_LL_Init
                0x000000000800e6c4       0xa4 ./USB_DEVICE/Target/usbd_conf.o
                0x000000000800e6c4                USBD_LL_Init
 .text.USBD_LL_DeInit
                0x000000000800e768       0x64 ./USB_DEVICE/Target/usbd_conf.o
                0x000000000800e768                USBD_LL_DeInit
 .text.USBD_LL_Start
                0x000000000800e7cc       0x64 ./USB_DEVICE/Target/usbd_conf.o
                0x000000000800e7cc                USBD_LL_Start
 .text.USBD_LL_Stop
                0x000000000800e830       0x64 ./USB_DEVICE/Target/usbd_conf.o
                0x000000000800e830                USBD_LL_Stop
 .text.USBD_LL_OpenEP
                0x000000000800e894       0x7c ./USB_DEVICE/Target/usbd_conf.o
                0x000000000800e894                USBD_LL_OpenEP
 .text.USBD_LL_CloseEP
                0x000000000800e910       0x6c ./USB_DEVICE/Target/usbd_conf.o
                0x000000000800e910                USBD_LL_CloseEP
 .text.USBD_LL_StallEP
                0x000000000800e97c       0x6c ./USB_DEVICE/Target/usbd_conf.o
                0x000000000800e97c                USBD_LL_StallEP
 .text.USBD_LL_ClearStallEP
                0x000000000800e9e8       0x6c ./USB_DEVICE/Target/usbd_conf.o
                0x000000000800e9e8                USBD_LL_ClearStallEP
 .text.USBD_LL_IsStallEP
                0x000000000800ea54       0x58 ./USB_DEVICE/Target/usbd_conf.o
                0x000000000800ea54                USBD_LL_IsStallEP
 .text.USBD_LL_SetUSBAddress
                0x000000000800eaac       0x6c ./USB_DEVICE/Target/usbd_conf.o
                0x000000000800eaac                USBD_LL_SetUSBAddress
 .text.USBD_LL_Transmit
                0x000000000800eb18       0x70 ./USB_DEVICE/Target/usbd_conf.o
                0x000000000800eb18                USBD_LL_Transmit
 .text.USBD_LL_PrepareReceive
                0x000000000800eb88       0x70 ./USB_DEVICE/Target/usbd_conf.o
                0x000000000800eb88                USBD_LL_PrepareReceive
 .text.USBD_LL_GetRxDataSize
                0x000000000800ebf8       0x26 ./USB_DEVICE/Target/usbd_conf.o
                0x000000000800ebf8                USBD_LL_GetRxDataSize
 .text.memset   0x000000000800ec1e       0x10 C:/ST/STM32CubeIDE_1.14.0/STM32CubeIDE/plugins/com.st.stm32cube.ide.mcu.externaltools.gnu-tools-for-stm32.11.3.rel1.win32_1.1.100.202309141235/tools/bin/../lib/gcc/arm-none-eabi/11.3.1/../../../../arm-none-eabi/lib/thumb/v7e-m+fp/hard\libc_nano.a(libc_a-memset.o)
                0x000000000800ec1e                memset
 *fill*         0x000000000800ec2e        0x2 
 .text.__libc_init_array
                0x000000000800ec30       0x48 C:/ST/STM32CubeIDE_1.14.0/STM32CubeIDE/plugins/com.st.stm32cube.ide.mcu.externaltools.gnu-tools-for-stm32.11.3.rel1.win32_1.1.100.202309141235/tools/bin/../lib/gcc/arm-none-eabi/11.3.1/../../../../arm-none-eabi/lib/thumb/v7e-m+fp/hard\libc_nano.a(libc_a-init.o)
                0x000000000800ec30                __libc_init_array
 *(.glue_7)
 .glue_7        0x000000000800ec78        0x0 linker stubs
 *(.glue_7t)
 .glue_7t       0x000000000800ec78        0x0 linker stubs
 *(.eh_frame)
 .eh_frame      0x000000000800ec78        0x0 C:/ST/STM32CubeIDE_1.14.0/STM32CubeIDE/plugins/com.st.stm32cube.ide.mcu.externaltools.gnu-tools-for-stm32.11.3.rel1.win32_1.1.100.202309141235/tools/bin/../lib/gcc/arm-none-eabi/11.3.1/thumb/v7e-m+fp/hard/crtbegin.o
 *(.init)
 .init          0x000000000800ec78        0x4 C:/ST/STM32CubeIDE_1.14.0/STM32CubeIDE/plugins/com.st.stm32cube.ide.mcu.externaltools.gnu-tools-for-stm32.11.3.rel1.win32_1.1.100.202309141235/tools/bin/../lib/gcc/arm-none-eabi/11.3.1/thumb/v7e-m+fp/hard/crti.o
                0x000000000800ec78                _init
 .init          0x000000000800ec7c        0x8 C:/ST/STM32CubeIDE_1.14.0/STM32CubeIDE/plugins/com.st.stm32cube.ide.mcu.externaltools.gnu-tools-for-stm32.11.3.rel1.win32_1.1.100.202309141235/tools/bin/../lib/gcc/arm-none-eabi/11.3.1/thumb/v7e-m+fp/hard/crtn.o
 *(.fini)
 .fini          0x000000000800ec84        0x4 C:/ST/STM32CubeIDE_1.14.0/STM32CubeIDE/plugins/com.st.stm32cube.ide.mcu.externaltools.gnu-tools-for-stm32.11.3.rel1.win32_1.1.100.202309141235/tools/bin/../lib/gcc/arm-none-eabi/11.3.1/thumb/v7e-m+fp/hard/crti.o
                0x000000000800ec84                _fini
 .fini          0x000000000800ec88        0x8 C:/ST/STM32CubeIDE_1.14.0/STM32CubeIDE/plugins/com.st.stm32cube.ide.mcu.externaltools.gnu-tools-for-stm32.11.3.rel1.win32_1.1.100.202309141235/tools/bin/../lib/gcc/arm-none-eabi/11.3.1/thumb/v7e-m+fp/hard/crtn.o
                0x000000000800ec90                . = ALIGN (0x4)
                0x000000000800ec90                _etext = .

.vfp11_veneer   0x000000000800ec90        0x0
 .vfp11_veneer  0x000000000800ec90        0x0 linker stubs

.v4_bx          0x000000000800ec90        0x0
 .v4_bx         0x000000000800ec90        0x0 linker stubs

.iplt           0x000000000800ec90        0x0
 .iplt          0x000000000800ec90        0x0 C:/ST/STM32CubeIDE_1.14.0/STM32CubeIDE/plugins/com.st.stm32cube.ide.mcu.externaltools.gnu-tools-for-stm32.11.3.rel1.win32_1.1.100.202309141235/tools/bin/../lib/gcc/arm-none-eabi/11.3.1/thumb/v7e-m+fp/hard/crtbegin.o

.rodata         0x000000000800ec90      0xa7c
                0x000000000800ec90                . = ALIGN (0x4)
 *(.rodata)
 .rodata        0x000000000800ec90        0xd ./App/hooks.o
 *fill*         0x000000000800ec9d        0x3 
 .rodata        0x000000000800eca0       0x6d ./Loader/ARMCM4_STM32F4/can.o
 *fill*         0x000000000800ed0d        0x3 
 .rodata        0x000000000800ed10       0x6f ./Loader/ARMCM4_STM32F4/flash.o
 *fill*         0x000000000800ed7f        0x1 
 .rodata        0x000000000800ed80       0x6f ./Loader/ARMCM4_STM32F4/rs232.o
 *fill*         0x000000000800edef        0x1 
 .rodata        0x000000000800edf0       0x6d ./Loader/ARMCM4_STM32F4/usb.o
 *fill*         0x000000000800ee5d        0x3 
 .rodata        0x000000000800ee60      0x20d ./Loader/file.o
 *fill*         0x000000000800f06d        0x3 
 .rodata        0x000000000800f070       0x13 ./Loader/third_party/fatfs/src/ff.o
 *fill*         0x000000000800f083        0x1 
 .rodata        0x000000000800f084       0x42 ./USB_DEVICE/App/usbd_desc.o
 *fill*         0x000000000800f0c6        0x2 
 .rodata        0x000000000800f0c8       0x21 ./USB_DEVICE/Target/usbd_conf.o
 *(.rodata*)
 *fill*         0x000000000800f0e9        0x3 
 .rodata.firmwareFilename
                0x000000000800f0ec       0x20 ./App/hooks.o
 .rodata.AHBPrescTable
                0x000000000800f10c       0x10 ./Core/Src/system_stm32f4xx.o
                0x000000000800f10c                AHBPrescTable
 .rodata.APBPrescTable
                0x000000000800f11c        0x8 ./Core/Src/system_stm32f4xx.o
                0x000000000800f11c                APBPrescTable
 .rodata.canTiming
                0x000000000800f124       0x24 ./Loader/ARMCM4_STM32F4/can.o
 .rodata.flashLayout
                0x000000000800f148       0x78 ./Loader/ARMCM4_STM32F4/flash.o
 .rodata.xcpStationId
                0x000000000800f1c0        0x8 ./Loader/xcp.o
 .rodata.ExCvt  0x000000000800f1c8       0x80 ./Loader/third_party/fatfs/src/ff.o
 .rodata.LfnOfs
                0x000000000800f248        0xd ./Loader/third_party/fatfs/src/ff.o
 *fill*         0x000000000800f255        0x3 
 .rodata.Tbl    0x000000000800f258      0x100 ./Loader/third_party/fatfs/src/option/unicode.o
 .rodata.cvt1.1
                0x000000000800f358      0x1f2 ./Loader/third_party/fatfs/src/option/unicode.o
 *fill*         0x000000000800f54a        0x2 
 .rodata.cvt2.0
                0x000000000800f54c       0xbc ./Loader/third_party/fatfs/src/option/unicode.o
 .rodata._ctype_
                0x000000000800f608      0x101 C:/ST/STM32CubeIDE_1.14.0/STM32CubeIDE/plugins/com.st.stm32cube.ide.mcu.externaltools.gnu-tools-for-stm32.11.3.rel1.win32_1.1.100.202309141235/tools/bin/../lib/gcc/arm-none-eabi/11.3.1/../../../../arm-none-eabi/lib/thumb/v7e-m+fp/hard\libc_nano.a(libc_a-ctype_.o)
                0x000000000800f608                _ctype_
                0x000000000800f70c                . = ALIGN (0x4)
 *fill*         0x000000000800f709        0x3 

.ARM.extab      0x000000000800f70c        0x0
                0x000000000800f70c                . = ALIGN (0x4)
 *(.ARM.extab* .gnu.linkonce.armextab.*)
                0x000000000800f70c                . = ALIGN (0x4)

.ARM            0x000000000800f70c        0x8
                0x000000000800f70c                . = ALIGN (0x4)
                0x000000000800f70c                __exidx_start = .
 *(.ARM.exidx*)
 .ARM.exidx     0x000000000800f70c        0x8 C:/ST/STM32CubeIDE_1.14.0/STM32CubeIDE/plugins/com.st.stm32cube.ide.mcu.externaltools.gnu-tools-for-stm32.11.3.rel1.win32_1.1.100.202309141235/tools/bin/../lib/gcc/arm-none-eabi/11.3.1/thumb/v7e-m+fp/hard\libgcc.a(_udivmoddi4.o)
                0x000000000800f714                __exidx_end = .
                0x000000000800f714                . = ALIGN (0x4)

.rel.dyn        0x000000000800f714        0x0
 .rel.iplt      0x000000000800f714        0x0 C:/ST/STM32CubeIDE_1.14.0/STM32CubeIDE/plugins/com.st.stm32cube.ide.mcu.externaltools.gnu-tools-for-stm32.11.3.rel1.win32_1.1.100.202309141235/tools/bin/../lib/gcc/arm-none-eabi/11.3.1/thumb/v7e-m+fp/hard/crtbegin.o

.preinit_array  0x000000000800f714        0x0
                0x000000000800f714                . = ALIGN (0x4)
                0x000000000800f714                PROVIDE (__preinit_array_start = .)
 *(.preinit_array*)
                0x000000000800f714                PROVIDE (__preinit_array_end = .)
                0x000000000800f714                . = ALIGN (0x4)

.init_array     0x000000000800f714        0x4
                0x000000000800f714                . = ALIGN (0x4)
                0x000000000800f714                PROVIDE (__init_array_start = .)
 *(SORT_BY_NAME(.init_array.*))
 *(.init_array*)
 .init_array    0x000000000800f714        0x4 C:/ST/STM32CubeIDE_1.14.0/STM32CubeIDE/plugins/com.st.stm32cube.ide.mcu.externaltools.gnu-tools-for-stm32.11.3.rel1.win32_1.1.100.202309141235/tools/bin/../lib/gcc/arm-none-eabi/11.3.1/thumb/v7e-m+fp/hard/crtbegin.o
                0x000000000800f718                PROVIDE (__init_array_end = .)
                0x000000000800f718                . = ALIGN (0x4)

.fini_array     0x000000000800f718        0x4
                0x000000000800f718                . = ALIGN (0x4)
                [!provide]                        PROVIDE (__fini_array_start = .)
 *(SORT_BY_NAME(.fini_array.*))
 *(.fini_array*)
 .fini_array    0x000000000800f718        0x4 C:/ST/STM32CubeIDE_1.14.0/STM32CubeIDE/plugins/com.st.stm32cube.ide.mcu.externaltools.gnu-tools-for-stm32.11.3.rel1.win32_1.1.100.202309141235/tools/bin/../lib/gcc/arm-none-eabi/11.3.1/thumb/v7e-m+fp/hard/crtbegin.o
                [!provide]                        PROVIDE (__fini_array_end = .)
                0x000000000800f71c                . = ALIGN (0x4)
                0x000000000800f71c                _sidata = LOADADDR (.data)

.data           0x0000000020000000      0x188 load address 0x000000000800f71c
                0x0000000020000000                . = ALIGN (0x4)
                0x0000000020000000                _sdata = .
 *(.data)
 *(.data*)
 .data.SystemCoreClock
                0x0000000020000000        0x4 ./Core/Src/system_stm32f4xx.o
                0x0000000020000000                SystemCoreClock
 .data.uwTickPrio
                0x0000000020000004        0x4 ./Drivers/STM32F4xx_HAL_Driver/Src/stm32f4xx_hal.o
                0x0000000020000004                uwTickPrio
 .data.uwTickFreq
                0x0000000020000008        0x1 ./Drivers/STM32F4xx_HAL_Driver/Src/stm32f4xx_hal.o
                0x0000000020000008                uwTickFreq
 .data.Stat     0x0000000020000009        0x1 ./Library/FatFS/mmc.o
 .data.comActiveInterface
                0x000000002000000a        0x1 ./Loader/com.o
 *fill*         0x000000002000000b        0x1 
 .data.USBD_Bulk_DeviceQualifierDesc
                0x000000002000000c        0xa ./USB_DEVICE/App/usbd_bulk.o
 *fill*         0x0000000020000016        0x2 
 .data.USBD_Bulk
                0x0000000020000018       0x38 ./USB_DEVICE/App/usbd_bulk.o
                0x0000000020000018                USBD_Bulk
 .data.USBD_Bulk_CfgFSDesc
                0x0000000020000050       0x20 ./USB_DEVICE/App/usbd_bulk.o
                0x0000000020000050                USBD_Bulk_CfgFSDesc
 .data.USBD_Bulk_MSOS20Desc
                0x0000000020000070       0x9e ./USB_DEVICE/App/usbd_bulk.o
                0x0000000020000070                USBD_Bulk_MSOS20Desc
 *fill*         0x000000002000010e        0x2 
 .data.FS_Desc  0x0000000020000110       0x20 ./USB_DEVICE/App/usbd_desc.o
                0x0000000020000110                FS_Desc
 .data.USBD_FS_DeviceDesc
                0x0000000020000130       0x12 ./USB_DEVICE/App/usbd_desc.o
                0x0000000020000130                USBD_FS_DeviceDesc
 *fill*         0x0000000020000142        0x2 
 .data.USBD_FS_BOSDesc
                0x0000000020000144       0x21 ./USB_DEVICE/App/usbd_desc.o
                0x0000000020000144                USBD_FS_BOSDesc
 *fill*         0x0000000020000165        0x3 
 .data.USBD_LangIDDesc
                0x0000000020000168        0x4 ./USB_DEVICE/App/usbd_desc.o
                0x0000000020000168                USBD_LangIDDesc
 .data.USBD_StringSerial