Archive member included to satisfy reference by file (symbol)

C:/ST/STM32CubeIDE_1.14.0/STM32CubeIDE/plugins/com.st.stm32cube.ide.mcu.externaltools.gnu-tools-for-stm32.11.3.rel1.win32_1.1.100.202309141235/tools/bin/../lib/gcc/arm-none-eabi/11.3.1/../../../../arm-none-eabi/lib/thumb/v7e-m+fp/hard\libc_nano.a(libc_a-exit.o)
                              C:/ST/STM32CubeIDE_1.14.0/STM32CubeIDE/plugins/com.st.stm32cube.ide.mcu.externaltools.gnu-tools-for-stm32.11.3.rel1.win32_1.1.100.202309141235/tools/bin/../lib/gcc/arm-none-eabi/11.3.1/../../../../arm-none-eabi/lib/thumb/v7e-m+fp/hard/crt0.o (exit)
C:/ST/STM32CubeIDE_1.14.0/STM32CubeIDE/plugins/com.st.stm32cube.ide.mcu.externaltools.gnu-tools-for-stm32.11.3.rel1.win32_1.1.100.202309141235/tools/bin/../lib/gcc/arm-none-eabi/11.3.1/../../../../arm-none-eabi/lib/thumb/v7e-m+fp/hard\libc_nano.a(libc_a-findfp.o)
                              C:/ST/STM32CubeIDE_1.14.0/STM32CubeIDE/plugins/com.st.stm32cube.ide.mcu.externaltools.gnu-tools-for-stm32.11.3.rel1.win32_1.1.100.202309141235/tools/bin/../lib/gcc/arm-none-eabi/11.3.1/../../../../arm-none-eabi/lib/thumb/v7e-m+fp/hard\libc_nano.a(libc_a-exit.o) (__stdio_exit_handler)
C:/ST/STM32CubeIDE_1.14.0/STM32CubeIDE/plugins/com.st.stm32cube.ide.mcu.externaltools.gnu-tools-for-stm32.11.3.rel1.win32_1.1.100.202309141235/tools/bin/../lib/gcc/arm-none-eabi/11.3.1/../../../../arm-none-eabi/lib/thumb/v7e-m+fp/hard\libc_nano.a(libc_a-fwalk.o)
                              C:/ST/STM32CubeIDE_1.14.0/STM32CubeIDE/plugins/com.st.stm32cube.ide.mcu.externaltools.gnu-tools-for-stm32.11.3.rel1.win32_1.1.100.202309141235/tools/bin/../lib/gcc/arm-none-eabi/11.3.1/../../../../arm-none-eabi/lib/thumb/v7e-m+fp/hard\libc_nano.a(libc_a-findfp.o) (_fwalk_sglue)
C:/ST/STM32CubeIDE_1.14.0/STM32CubeIDE/plugins/com.st.stm32cube.ide.mcu.externaltools.gnu-tools-for-stm32.11.3.rel1.win32_1.1.100.202309141235/tools/bin/../lib/gcc/arm-none-eabi/11.3.1/../../../../arm-none-eabi/lib/thumb/v7e-m+fp/hard\libc_nano.a(libc_a-stdio.o)
                              C:/ST/STM32CubeIDE_1.14.0/STM32CubeIDE/plugins/com.st.stm32cube.ide.mcu.externaltools.gnu-tools-for-stm32.11.3.rel1.win32_1.1.100.202309141235/tools/bin/../lib/gcc/arm-none-eabi/11.3.1/../../../../arm-none-eabi/lib/thumb/v7e-m+fp/hard\libc_nano.a(libc_a-findfp.o) (__sread)
C:/ST/STM32CubeIDE_1.14.0/STM32CubeIDE/plugins/com.st.stm32cube.ide.mcu.externaltools.gnu-tools-for-stm32.11.3.rel1.win32_1.1.100.202309141235/tools/bin/../lib/gcc/arm-none-eabi/11.3.1/../../../../arm-none-eabi/lib/thumb/v7e-m+fp/hard\libc_nano.a(libc_a-memset.o)
                              C:/ST/STM32CubeIDE_1.14.0/STM32CubeIDE/plugins/com.st.stm32cube.ide.mcu.externaltools.gnu-tools-for-stm32.11.3.rel1.win32_1.1.100.202309141235/tools/bin/../lib/gcc/arm-none-eabi/11.3.1/../../../../arm-none-eabi/lib/thumb/v7e-m+fp/hard/crt0.o (memset)
C:/ST/STM32CubeIDE_1.14.0/STM32CubeIDE/plugins/com.st.stm32cube.ide.mcu.externaltools.gnu-tools-for-stm32.11.3.rel1.win32_1.1.100.202309141235/tools/bin/../lib/gcc/arm-none-eabi/11.3.1/../../../../arm-none-eabi/lib/thumb/v7e-m+fp/hard\libc_nano.a(libc_a-closer.o)
                              C:/ST/STM32CubeIDE_1.14.0/STM32CubeIDE/plugins/com.st.stm32cube.ide.mcu.externaltools.gnu-tools-for-stm32.11.3.rel1.win32_1.1.100.202309141235/tools/bin/../lib/gcc/arm-none-eabi/11.3.1/../../../../arm-none-eabi/lib/thumb/v7e-m+fp/hard\libc_nano.a(libc_a-stdio.o) (_close_r)
C:/ST/STM32CubeIDE_1.14.0/STM32CubeIDE/plugins/com.st.stm32cube.ide.mcu.externaltools.gnu-tools-for-stm32.11.3.rel1.win32_1.1.100.202309141235/tools/bin/../lib/gcc/arm-none-eabi/11.3.1/../../../../arm-none-eabi/lib/thumb/v7e-m+fp/hard\libc_nano.a(libc_a-reent.o)
                              C:/ST/STM32CubeIDE_1.14.0/STM32CubeIDE/plugins/com.st.stm32cube.ide.mcu.externaltools.gnu-tools-for-stm32.11.3.rel1.win32_1.1.100.202309141235/tools/bin/../lib/gcc/arm-none-eabi/11.3.1/../../../../arm-none-eabi/lib/thumb/v7e-m+fp/hard\libc_nano.a(libc_a-closer.o) (errno)
C:/ST/STM32CubeIDE_1.14.0/STM32CubeIDE/plugins/com.st.stm32cube.ide.mcu.externaltools.gnu-tools-for-stm32.11.3.rel1.win32_1.1.100.202309141235/tools/bin/../lib/gcc/arm-none-eabi/11.3.1/../../../../arm-none-eabi/lib/thumb/v7e-m+fp/hard\libc_nano.a(libc_a-impure.o)
                              C:/ST/STM32CubeIDE_1.14.0/STM32CubeIDE/plugins/com.st.stm32cube.ide.mcu.externaltools.gnu-tools-for-stm32.11.3.rel1.win32_1.1.100.202309141235/tools/bin/../lib/gcc/arm-none-eabi/11.3.1/../../../../arm-none-eabi/lib/thumb/v7e-m+fp/hard\libc_nano.a(libc_a-reent.o) (_impure_ptr)
C:/ST/STM32CubeIDE_1.14.0/STM32CubeIDE/plugins/com.st.stm32cube.ide.mcu.externaltools.gnu-tools-for-stm32.11.3.rel1.win32_1.1.100.202309141235/tools/bin/../lib/gcc/arm-none-eabi/11.3.1/../../../../arm-none-eabi/lib/thumb/v7e-m+fp/hard\libc_nano.a(libc_a-lseekr.o)
[...]
Memory Configuration

Name             Origin             Length             Attributes
CCMRAM           0x0000000010000000 0x0000000000010000 xrw
RAM              0x0000000020000000 0x0000000000020000 xrw
FLASH            0x0000000008010000 0x00000000000f0000 xr
*default*        0x0000000000000000 0xffffffffffffffff

Linker script and memory map

LOAD C:/ST/STM32CubeIDE_1.14.0/STM32CubeIDE/plugins/com.st.stm32cube.ide.mcu.externaltools.gnu-tools-for-stm32.11.3.rel1.win32_1.1.100.202309141235/tools/bin/../lib/gcc/arm-none-eabi/11.3.1/thumb/v7e-m+fp/hard/crti.o
LOAD C:/ST/STM32CubeIDE_1.14.0/STM32CubeIDE/plugins/com.st.stm32cube.ide.mcu.externaltools.gnu-tools-for-stm32.11.3.rel1.win32_1.1.100.202309141235/tools/bin/../lib/gcc/arm-none-eabi/11.3.1/thumb/v7e-m+fp/hard/crtbegin.o
LOAD C:/ST/STM32CubeIDE_1.14.0/STM32CubeIDE/plugins/com.st.stm32cube.ide.mcu.externaltools.gnu-tools-for-stm32.11.3.rel1.win32_1.1.100.202309141235/tools/bin/../lib/gcc/arm-none-eabi/11.3.1/../../../../arm-none-eabi/lib/thumb/v7e-m+fp/hard/crt0.o
LOAD ./App/app.o
LOAD ./App/boot.o
LOAD ./App/hooks.o
LOAD ./App/led.o
LOAD ./App/timer.o
LOAD ./Core/Src/main.o
LOAD ./Core/Src/stm32f4xx_hal_msp.o
LOAD ./Core/Src/stm32f4xx_it.o
LOAD ./Core/Src/syscalls.o
LOAD ./Core/Src/sysmem.o
LOAD ./Core/Src/system_stm32f4xx.o
LOAD ./Core/Startup/startup_stm32f407vgtx.o
LOAD ./Drivers/STM32F4xx_HAL_Driver/Src/stm32f4xx_hal.o
LOAD ./Drivers/STM32F4xx_HAL_Driver/Src/stm32f4xx_hal_can.o
LOAD ./Drivers/STM32F4xx_HAL_Driver/Src/stm32f4xx_hal_cortex.o
LOAD ./Drivers/STM32F4xx_HAL_Driver/Src/stm32f4xx_hal_dma.o
LOAD ./Drivers/STM32F4xx_HAL_Driver/Src/stm32f4xx_hal_dma_ex.o
LOAD ./Drivers/STM32F4xx_HAL_Driver/Src/stm32f4xx_hal_exti.o
LOAD ./Drivers/STM32F4xx_HAL_Driver/Src/stm32f4xx_hal_flash.o
LOAD ./Drivers/STM32F4xx_HAL_Driver/Src/stm32f4xx_hal_flash_ex.o
LOAD ./Drivers/STM32F4xx_HAL_Driver/Src/stm32f4xx_hal_flash_ramfunc.o
LOAD ./Drivers/STM32F4xx_HAL_Driver/Src/stm32f4xx_hal_gpio.o
LOAD ./Drivers/STM32F4xx_HAL_Driver/Src/stm32f4xx_hal_pcd.o
LOAD ./Drivers/STM32F4xx_HAL_Driver/Src/stm32f4xx_hal_pcd_ex.o
LOAD ./Drivers/STM32F4xx_HAL_Driver/Src/stm32f4xx_hal_pwr.o
LOAD ./Drivers/STM32F4xx_HAL_Driver/Src/stm32f4xx_hal_pwr_ex.o
LOAD ./Drivers/STM32F4xx_HAL_Driver/Src/stm32f4xx_hal_rcc.o
LOAD ./Drivers/STM32F4xx_HAL_Driver/Src/stm32f4xx_hal_rcc_ex.o
LOAD ./Drivers/STM32F4xx_HAL_Driver/Src/stm32f4xx_hal_tim.o
LOAD ./Drivers/STM32F4xx_HAL_Driver/Src/stm32f4xx_hal_tim_ex.o
LOAD ./Drivers/STM32F4xx_HAL_Driver/Src/stm32f4xx_hal_uart.o
LOAD ./Drivers/STM32F4xx_HAL_Driver/Src/stm32f4xx_ll_dma.o
LOAD ./Drivers/STM32F4xx_HAL_Driver/Src/stm32f4xx_ll_exti.o
LOAD ./Drivers/STM32F4xx_HAL_Driver/Src/stm32f4xx_ll_gpio.o
LOAD ./Drivers/STM32F4xx_HAL_Driver/Src/stm32f4xx_ll_rcc.o
LOAD ./Drivers/STM32F4xx_HAL_Driver/Src/stm32f4xx_ll_spi.o
LOAD ./Drivers/STM32F4xx_HAL_Driver/Src/stm32f4xx_ll_usart.o
LOAD ./Drivers/STM32F4xx_HAL_Driver/Src/stm32f4xx_ll_usb.o
LOAD ./Drivers/STM32F4xx_HAL_Driver/Src/stm32f4xx_ll_utils.o
START GROUP
LOAD C:/ST/STM32CubeIDE_1.14.0/STM32CubeIDE/plugins/com.st.stm32cube.ide.mcu.externaltools.gnu-tools-for-stm32.11.3.rel1.win32_1.1.100.202309141235/tools/bin/../lib/gcc/arm-none-eabi/11.3.1/../../../../arm-none-eabi/lib/thumb/v7e-m+fp/hard\libc_nano.a
LOAD C:/ST/STM32CubeIDE_1.14.0/STM32CubeIDE/plugins/com.st.stm32cube.ide.mcu.externaltools.gnu-tools-for-stm32.11.3.rel1.win32_1.1.100.202309141235/tools/bin/../lib/gcc/arm-none-eabi/11.3.1/../../../../arm-none-eabi/lib/thumb/v7e-m+fp/hard\libm.a
END GROUP
START GROUP
LOAD C:/ST/STM32CubeIDE_1.14.0/STM32CubeIDE/plugins/com.st.stm32cube.ide.mcu.externaltools.gnu-tools-for-stm32.11.3.rel1.win32_1.1.100.202309141235/tools/bin/../lib/gcc/arm-none-eabi/11.3.1/thumb/v7e-m+fp/hard\libgcc.a
LOAD C:/ST/STM32CubeIDE_1.14.0/STM32CubeIDE/plugins/com.st.stm32cube.ide.mcu.externaltools.gnu-tools-for-stm32.11.3.rel1.win32_1.1.100.202309141235/tools/bin/../lib/gcc/arm-none-eabi/11.3.1/../../../../arm-none-eabi/lib/thumb/v7e-m+fp/hard\libc_nano.a
END GROUP
START GROUP
LOAD C:/ST/STM32CubeIDE_1.14.0/STM32CubeIDE/plugins/com.st.stm32cube.ide.mcu.externaltools.gnu-tools-for-stm32.11.3.rel1.win32_1.1.100.202309141235/tools/bin/../lib/gcc/arm-none-eabi/11.3.1/thumb/v7e-m+fp/hard\libgcc.a
LOAD C:/ST/STM32CubeIDE_1.14.0/STM32CubeIDE/plugins/com.st.stm32cube.ide.mcu.externaltools.gnu-tools-for-stm32.11.3.rel1.win32_1.1.100.202309141235/tools/bin/../lib/gcc/arm-none-eabi/11.3.1/../../../../arm-none-eabi/lib/thumb/v7e-m+fp/hard\libc_nano.a
LOAD C:/ST/STM32CubeIDE_1.14.0/STM32CubeIDE/plugins/com.st.stm32cube.ide.mcu.externaltools.gnu-tools-for-stm32.11.3.rel1.win32_1.1.100.202309141235/tools/bin/../lib/gcc/arm-none-eabi/11.3.1/../../../../arm-none-eabi/lib/thumb/v7e-m+fp/hard\libnosys.a
END GROUP
START GROUP
LOAD C:/ST/STM32CubeIDE_1.14.0/STM32CubeIDE/plugins/com.st.stm32cube.ide.mcu.externaltools.gnu-tools-for-stm32.11.3.rel1.win32_1.1.100.202309141235/tools/bin/../lib/gcc/arm-none-eabi/11.3.1/thumb/v7e-m+fp/hard\libgcc.a
LOAD C:/ST/STM32CubeIDE_1.14.0/STM32CubeIDE/plugins/com.st.stm32cube.ide.mcu.externaltools.gnu-tools-for-stm32.11.3.rel1.win32_1.1.100.202309141235/tools/bin/../lib/gcc/arm-none-eabi/11.3.1/../../../../arm-none-eabi/lib/thumb/v7e-m+fp/hard\libc_nano.a
LOAD C:/ST/STM32CubeIDE_1.14.0/STM32CubeIDE/plugins/com.st.stm32cube.ide.mcu.externaltools.gnu-tools-for-stm32.11.3.rel1.win32_1.1.100.202309141235/tools/bin/../lib/gcc/arm-none-eabi/11.3.1/../../../../arm-none-eabi/lib/thumb/v7e-m+fp/hard\libnosys.a
END GROUP
LOAD C:/ST/STM32CubeIDE_1.14.0/STM32CubeIDE/plugins/com.st.stm32cube.ide.mcu.externaltools.gnu-tools-for-stm32.11.3.rel1.win32_1.1.100.202309141235/tools/bin/../lib/gcc/arm-none-eabi/11.3.1/thumb/v7e-m+fp/hard/crtend.o
LOAD C:/ST/STM32CubeIDE_1.14.0/STM32CubeIDE/plugins/com.st.stm32cube.ide.mcu.externaltools.gnu-tools-for-stm32.11.3.rel1.win32_1.1.100.202309141235/tools/bin/../lib/gcc/arm-none-eabi/11.3.1/thumb/v7e-m+fp/hard/crtn.o
                0x0000000020020000                _estack = (ORIGIN (RAM) + LENGTH (RAM))
                0x0000000000000200                _Min_Heap_Size = 0x200
                0x0000000000000400                _Min_Stack_Size = 0x400

.isr_vector     0x0000000008010000      0x188
                0x0000000008010000                . = ALIGN (0x4)
 *(.isr_vector)
 .isr_vector    0x0000000008010000      0x188 ./Core/Startup/startup_stm32f407vgtx.o
                0x0000000008010000                g_pfnVectors
                0x0000000008010188                . = ALIGN (0x4)

.text           0x0000000008010188     0x1afc
                0x0000000008010188                . = ALIGN (0x4)
 *(.text)
 .text          0x0000000008010188       0x40 C:/ST/STM32CubeIDE_1.14.0/STM32CubeIDE/plugins/com.st.stm32cube.ide.mcu.externaltools.gnu-tools-for-stm32.11.3.rel1.win32_1.1.100.202309141235/tools/bin/../lib/gcc/arm-none-eabi/11.3.1/thumb/v7e-m+fp/hard/crtbegin.o
 .text          0x00000000080101c8       0x30 C:/ST/STM32CubeIDE_1.14.0/STM32CubeIDE/plugins/com.st.stm32cube.ide.mcu.externaltools.gnu-tools-for-stm32.11.3.rel1.win32_1.1.100.202309141235/tools/bin/../lib/gcc/arm-none-eabi/11.3.1/thumb/v7e-m+fp/hard\libgcc.a(_aeabi_uldivmod.o)
                0x00000000080101c8                __aeabi_uldivmod
 .text          0x00000000080101f8      0x2c8 C:/ST/STM32CubeIDE_1.14.0/STM32CubeIDE/plugins/com.st.stm32cube.ide.mcu.externaltools.gnu-tools-for-stm32.11.3.rel1.win32_1.1.100.202309141235/tools/bin/../lib/gcc/arm-none-eabi/11.3.1/thumb/v7e-m+fp/hard\libgcc.a(_udivmoddi4.o)
                0x00000000080101f8                __udivmoddi4
 .text          0x00000000080104c0        0x4 C:/ST/STM32CubeIDE_1.14.0/STM32CubeIDE/plugins/com.st.stm32cube.ide.mcu.externaltools.gnu-tools-for-stm32.11.3.rel1.win32_1.1.100.202309141235/tools/bin/../lib/gcc/arm-none-eabi/11.3.1/thumb/v7e-m+fp/hard\libgcc.a(_dvmd_tls.o)
                0x00000000080104c0                __aeabi_idiv0
                0x00000000080104c0                __aeabi_ldiv0
 *(.text*)
 .text.AppInit  0x00000000080104c4       0x10 ./App/app.o
                0x00000000080104c4                AppInit
 .text.AppTask  0x00000000080104d4        0xc ./App/app.o
                0x00000000080104d4                AppTask
 .text.BootComRs232Init
                0x00000000080104e0       0x2c ./App/boot.o
 .text.CanGetSpeedConfig
                0x000000000801050c       0x74 ./App/boot.o
 .text.BootComCanInit
                0x0000000008010580       0x98 ./App/boot.o
 .text.Rs232ReceiveByte
                0x0000000008010618       0x1c ./App/boot.o
 .text.BootComInit
                0x0000000008010634        0xc ./App/boot.o
                0x0000000008010634                BootComInit
 .text.BootActivate
                0x0000000008010640       0x24 ./App/boot.o
                0x0000000008010640                BootActivate
 .text.BootComRs232CheckActivationRequest
                0x0000000008010664       0x98 ./App/boot.o
 .text.BootComCanCheckActivationRequest
                0x00000000080106fc       0x40 ./App/boot.o
 .text.BootComCheckActivationRequest
                0x000000000801073c        0xc ./App/boot.o
                0x000000000801073c                BootComCheckActivationRequest
 .text.LedInit  0x0000000008010748       0x14 ./App/led.o
                0x0000000008010748                LedInit
 .text.LedToggle
                0x000000000801075c       0x54 ./App/led.o
                0x000000000801075c                LedToggle
 .text.TimerInit
                0x00000000080107b0        0x2 ./App/timer.o
                0x00000000080107b0                TimerInit
 .text.TimerGet
                0x00000000080107b2        0x8 ./App/timer.o
                0x00000000080107b2                TimerGet
 *fill*         0x00000000080107ba        0x2 
 .text.VectorBase_Config
                0x00000000080107bc       0x10 ./Core/Src/main.o
 .text.MX_GPIO_Init
                0x00000000080107cc       0x94 ./Core/Src/main.o
 .text.SystemClock_Config
                0x0000000008010860       0x98 ./Core/Src/main.o
                0x0000000008010860                SystemClock_Config
 .text.main     0x00000000080108f8       0x1c ./Core/Src/main.o
                0x00000000080108f8                main
 .text.HAL_MspInit
                0x0000000008010914       0x38 ./Core/Src/stm32f4xx_hal_msp.o
                0x0000000008010914                HAL_MspInit
 .text.HAL_CAN_MspInit
                0x000000000801094c       0x70 ./Core/Src/stm32f4xx_hal_msp.o
                0x000000000801094c                HAL_CAN_MspInit
 .text.HAL_UART_MspInit
                0x00000000080109bc       0x70 ./Core/Src/stm32f4xx_hal_msp.o
                0x00000000080109bc                HAL_UART_MspInit
 .text.NMI_Handler
                0x0000000008010a2c        0x2 ./Core/Src/stm32f4xx_it.o
                0x0000000008010a2c                NMI_Handler
 .text.HardFault_Handler
                0x0000000008010a2e        0x2 ./Core/Src/stm32f4xx_it.o
                0x0000000008010a2e                HardFault_Handler
 .text.MemManage_Handler
                0x0000000008010a30        0x2 ./Core/Src/stm32f4xx_it.o
                0x0000000008010a30                MemManage_Handler
 .text.BusFault_Handler
                0x0000000008010a32        0x2 ./Core/Src/stm32f4xx_it.o
                0x0000000008010a32                BusFault_Handler
 .text.UsageFault_Handler
                0x0000000008010a34        0x2 ./Core/Src/stm32f4xx_it.o
                0x0000000008010a34                UsageFault_Handler
 .text.SVC_Handler
                0x0000000008010a36        0x2 ./Core/Src/stm32f4xx_it.o
                0x0000000008010a36                SVC_Handler
 .text.DebugMon_Handler
                0x0000000008010a38        0x2 ./Core/Src/stm32f4xx_it.o
                0x0000000008010a38                DebugMon_Handler
 .text.PendSV_Handler
                0x0000000008010a3a        0x2 ./Core/Src/stm32f4xx_it.o
                0x0000000008010a3a                PendSV_Handler
 .text.SysTick_Handler
                0x0000000008010a3c        0x8 ./Core/Src/stm32f4xx_it.o
                0x0000000008010a3c                SysTick_Handler
 .text.SystemInit
                0x0000000008010a44       0x1c ./Core/Src/system_stm32f4xx.o
                0x0000000008010a44                SystemInit
 .text.Reset_Handler
                0x0000000008010a60       0x50 ./Core/Startup/startup_stm32f407vgtx.o
                0x0000000008010a60                Reset_Handler
 .text.Default_Handler
                0x0000000008010ab0        0x2 ./Core/Startup/startup_stm32f407vgtx.o
                0x0000000008010ab0                RTC_Alarm_IRQHandler
                0x0000000008010ab0                HASH_RNG_IRQHandler
                0x0000000008010ab0                EXTI2_IRQHandler
                0x0000000008010ab0                TIM8_CC_IRQHandler
                0x0000000008010ab0                TIM1_CC_IRQHandler
                0x0000000008010ab0                DMA2_Stream5_IRQHandler
                0x0000000008010ab0                DMA1_Stream5_IRQHandler
                0x0000000008010ab0                PVD_IRQHandler
                0x0000000008010ab0                SDIO_IRQHandler
                0x0000000008010ab0                TAMP_STAMP_IRQHandler
                0x0000000008010ab0                CAN2_RX1_IRQHandler
                0x0000000008010ab0                EXTI3_IRQHandler
                0x0000000008010ab0                TIM8_TRG_COM_TIM14_IRQHandler
                0x0000000008010ab0                TIM1_UP_TIM10_IRQHandler
                0x0000000008010ab0                TIM8_UP_TIM13_IRQHandler
                0x0000000008010ab0                I2C3_ER_IRQHandler
                0x0000000008010ab0                EXTI0_IRQHandler
                0x0000000008010ab0                I2C2_EV_IRQHandler
                0x0000000008010ab0                DMA1_Stream2_IRQHandler
                0x0000000008010ab0                CAN1_RX0_IRQHandler
                0x0000000008010ab0                FPU_IRQHandler
                0x0000000008010ab0                OTG_HS_WKUP_IRQHandler
                0x0000000008010ab0                CAN2_SCE_IRQHandler
                0x0000000008010ab0                DMA2_Stream2_IRQHandler
                0x0000000008010ab0                SPI1_IRQHandler
                0x0000000008010ab0                TIM6_DAC_IRQHandler
                0x0000000008010ab0                TIM1_BRK_TIM9_IRQHandler
                0x0000000008010ab0                DCMI_IRQHandler
                0x0000000008010ab0                CAN2_RX0_IRQHandler
                0x0000000008010ab0                DMA2_Stream3_IRQHandler
                0x0000000008010ab0                USART6_IRQHandler
                0x0000000008010ab0                USART3_IRQHandler
                0x0000000008010ab0                CAN1_RX1_IRQHandler
                0x0000000008010ab0                UART5_IRQHandler
                0x0000000008010ab0                DMA2_Stream0_IRQHandler
                0x0000000008010ab0                TIM4_IRQHandler
                0x0000000008010ab0                I2C1_EV_IRQHandler
                0x0000000008010ab0                DMA1_Stream6_IRQHandler
                0x0000000008010ab0                DMA1_Stream1_IRQHandler
                0x0000000008010ab0                UART4_IRQHandler
                0x0000000008010ab0                TIM3_IRQHandler
                0x0000000008010ab0                RCC_IRQHandler
                0x0000000008010ab0                TIM8_BRK_TIM12_IRQHandler
                0x0000000008010ab0                Default_Handler
                0x0000000008010ab0                EXTI15_10_IRQHandler
                0x0000000008010ab0                ADC_IRQHandler
                0x0000000008010ab0                DMA1_Stream7_IRQHandler
                0x0000000008010ab0                TIM7_IRQHandler
                0x0000000008010ab0                CAN2_TX_IRQHandler
                0x0000000008010ab0                TIM5_IRQHandler
                0x0000000008010ab0                DMA2_Stream7_IRQHandler
                0x0000000008010ab0                I2C3_EV_IRQHandler
                0x0000000008010ab0                EXTI9_5_IRQHandler
                0x0000000008010ab0                RTC_WKUP_IRQHandler
                0x0000000008010ab0                ETH_WKUP_IRQHandler
                0x0000000008010ab0                SPI2_IRQHandler
                0x0000000008010ab0                OTG_HS_EP1_IN_IRQHandler
                0x0000000008010ab0                DMA1_Stream0_IRQHandler
                0x0000000008010ab0                CAN1_TX_IRQHandler
                0x0000000008010ab0                EXTI4_IRQHandler
                0x0000000008010ab0                FSMC_IRQHandler
                0x0000000008010ab0                ETH_IRQHandler
                0x0000000008010ab0                OTG_HS_EP1_OUT_IRQHandler
                0x0000000008010ab0                WWDG_IRQHandler
                0x0000000008010ab0                TIM2_IRQHandler
                0x0000000008010ab0                OTG_FS_WKUP_IRQHandler
                0x0000000008010ab0                TIM1_TRG_COM_TIM11_IRQHandler
                0x0000000008010ab0                OTG_HS_IRQHandler
                0x0000000008010ab0                EXTI1_IRQHandler
                0x0000000008010ab0                USART2_IRQHandler
                0x0000000008010ab0                I2C2_ER_IRQHandler
                0x0000000008010ab0                DMA2_Stream1_IRQHandler
                0x0000000008010ab0                CAN1_SCE_IRQHandler
                0x0000000008010ab0                FLASH_IRQHandler
                0x0000000008010ab0                DMA2_Stream4_IRQHandler
                0x0000000008010ab0                USART1_IRQHandler
                0x0000000008010ab0                OTG_FS_IRQHandler
                0x0000000008010ab0                SPI3_IRQHandler
                0x0000000008010ab0                DMA1_Stream4_IRQHandler
                0x0000000008010ab0                I2C1_ER_IRQHandler
                0x0000000008010ab0                DMA2_Stream6_IRQHandler
                0x0000000008010ab0                DMA1_Stream3_IRQHandler
 *fill*         0x0000000008010ab2        0x2 
 .text.HAL_InitTick
                0x0000000008010ab4       0x4c ./Drivers/STM32F4xx_HAL_Driver/Src/stm32f4xx_hal.o
                0x0000000008010ab4                HAL_InitTick
 .text.HAL_Init
                0x0000000008010b00       0x34 ./Drivers/STM32F4xx_HAL_Driver/Src/stm32f4xx_hal.o
                0x0000000008010b00                HAL_Init
 .text.HAL_IncTick
                0x0000000008010b34       0x18 ./Drivers/STM32F4xx_HAL_Driver/Src/stm32f4xx_hal.o
                0x0000000008010b34                HAL_IncTick
 .text.HAL_GetTick
                0x0000000008010b4c        0xc ./Drivers/STM32F4xx_HAL_Driver/Src/stm32f4xx_hal.o
                0x0000000008010b4c                HAL_GetTick
 .text.HAL_CAN_Init
                0x0000000008010b58      0x14c ./Drivers/STM32F4xx_HAL_Driver/Src/stm32f4xx_hal_can.o
                0x0000000008010b58                HAL_CAN_Init
 .text.HAL_CAN_ConfigFilter
                0x0000000008010ca4      0x138 ./Drivers/STM32F4xx_HAL_Driver/Src/stm32f4xx_hal_can.o
                0x0000000008010ca4                HAL_CAN_ConfigFilter
 .text.HAL_CAN_Start
                0x0000000008010ddc       0x5c ./Drivers/STM32F4xx_HAL_Driver/Src/stm32f4xx_hal_can.o
                0x0000000008010ddc                HAL_CAN_Start
 .text.HAL_CAN_GetRxMessage
                0x0000000008010e38      0x14a ./Drivers/STM32F4xx_HAL_Driver/Src/stm32f4xx_hal_can.o
                0x0000000008010e38                HAL_CAN_GetRxMessage
 *fill*         0x0000000008010f82        0x2 
 .text.HAL_NVIC_SetPriorityGrouping
                0x0000000008010f84       0x24 ./Drivers/STM32F4xx_HAL_Driver/Src/stm32f4xx_hal_cortex.o
                0x0000000008010f84                HAL_NVIC_SetPriorityGrouping
 .text.HAL_NVIC_SetPriority
                0x0000000008010fa8       0x70 ./Drivers/STM32F4xx_HAL_Driver/Src/stm32f4xx_hal_cortex.o
                0x0000000008010fa8                HAL_NVIC_SetPriority
 .text.HAL_SYSTICK_Config
                0x0000000008011018       0x28 ./Drivers/STM32F4xx_HAL_Driver/Src/stm32f4xx_hal_cortex.o
                0x0000000008011018                HAL_SYSTICK_Config
 .text.HAL_GPIO_Init
                0x0000000008011040      0x1d0 ./Drivers/STM32F4xx_HAL_Driver/Src/stm32f4xx_hal_gpio.o
                0x0000000008011040                HAL_GPIO_Init
 .text.HAL_GPIO_WritePin
                0x0000000008011210        0xc ./Drivers/STM32F4xx_HAL_Driver/Src/stm32f4xx_hal_gpio.o
                0x0000000008011210                HAL_GPIO_WritePin
 .text.HAL_RCC_OscConfig
                0x000000000801121c      0x3ec ./Drivers/STM32F4xx_HAL_Driver/Src/stm32f4xx_hal_rcc.o
                0x000000000801121c                HAL_RCC_OscConfig
 .text.HAL_RCC_GetSysClockFreq
                0x0000000008011608       0xdc ./Drivers/STM32F4xx_HAL_Driver/Src/stm32f4xx_hal_rcc.o
                0x0000000008011608                HAL_RCC_GetSysClockFreq
 .text.HAL_RCC_ClockConfig
                0x00000000080116e4      0x160 ./Drivers/STM32F4xx_HAL_Driver/Src/stm32f4xx_hal_rcc.o
                0x00000000080116e4                HAL_RCC_ClockConfig
 .text.HAL_RCC_GetHCLKFreq
                0x0000000008011844        0xc ./Drivers/STM32F4xx_HAL_Driver/Src/stm32f4xx_hal_rcc.o
                0x0000000008011844                HAL_RCC_GetHCLKFreq
 .text.HAL_RCC_GetPCLK1Freq
                0x0000000008011850       0x20 ./Drivers/STM32F4xx_HAL_Driver/Src/stm32f4xx_hal_rcc.o
                0x0000000008011850                HAL_RCC_GetPCLK1Freq
 .text.HAL_RCC_GetPCLK2Freq
                0x0000000008011870       0x20 ./Drivers/STM32F4xx_HAL_Driver/Src/stm32f4xx_hal_rcc.o
                0x0000000008011870                HAL_RCC_GetPCLK2Freq
 .text.UART_SetConfig
                0x0000000008011890      0x1d4 ./Drivers/STM32F4xx_HAL_Driver/Src/stm32f4xx_hal_uart.o
 .text.UART_WaitOnFlagUntilTimeout
                0x0000000008011a64       0x68 ./Drivers/STM32F4xx_HAL_Driver/Src/stm32f4xx_hal_uart.o
 .text.HAL_UART_Init
                0x0000000008011acc       0x5e ./Drivers/STM32F4xx_HAL_Driver/Src/stm32f4xx_hal_uart.o
                0x0000000008011acc                HAL_UART_Init
 .text.HAL_UART_Receive
                0x0000000008011b2a       0xea ./Drivers/STM32F4xx_HAL_Driver/Src/stm32f4xx_hal_uart.o
                0x0000000008011b2a                HAL_UART_Receive
 .text.memset   0x0000000008011c14       0x10 C:/ST/STM32CubeIDE_1.14.0/STM32CubeIDE/plugins/com.st.stm32cube.ide.mcu.externaltools.gnu-tools-for-stm32.11.3.rel1.win32_1.1.100.202309141235/tools/bin/../lib/gcc/arm-none-eabi/11.3.1/../../../../arm-none-eabi/lib/thumb/v7e-m+fp/hard\libc_nano.a(libc_a-memset.o)
                0x0000000008011c14                memset
 .text.__libc_init_array
                0x0000000008011c24       0x48 C:/ST/STM32CubeIDE_1.14.0/STM32CubeIDE/plugins/com.st.stm32cube.ide.mcu.externaltools.gnu-tools-for-stm32.11.3.rel1.win32_1.1.100.202309141235/tools/bin/../lib/gcc/arm-none-eabi/11.3.1/../../../../arm-none-eabi/lib/thumb/v7e-m+fp/hard\libc_nano.a(libc_a-init.o)
                0x0000000008011c24                __libc_init_array
 *(.glue_7)
 .glue_7        0x0000000008011c6c        0x0 linker stubs
 *(.glue_7t)
 .glue_7t       0x0000000008011c6c        0x0 linker stubs
 *(.eh_frame)
 .eh_frame      0x0000000008011c6c        0x0 C:/ST/STM32CubeIDE_1.14.0/STM32CubeIDE/plugins/com.st.stm32cube.ide.mcu.externaltools.gnu-tools-for-stm32.11.3.rel1.win32_1.1.100.202309141235/tools/bin/../lib/gcc/arm-none-eabi/11.3.1/thumb/v7e-m+fp/hard/crtbegin.o
 *(.init)
 .init          0x0000000008011c6c        0x4 C:/ST/STM32CubeIDE_1.14.0/STM32CubeIDE/plugins/com.st.stm32cube.ide.mcu.externaltools.gnu-tools-for-stm32.11.3.rel1.win32_1.1.100.202309141235/tools/bin/../lib/gcc/arm-none-eabi/11.3.1/thumb/v7e-m+fp/hard/crti.o
                0x0000000008011c6c                _init
 .init          0x0000000008011c70        0x8 C:/ST/STM32CubeIDE_1.14.0/STM32CubeIDE/plugins/com.st.stm32cube.ide.mcu.externaltools.gnu-tools-for-stm32.11.3.rel1.win32_1.1.100.202309141235/tools/bin/../lib/gcc/arm-none-eabi/11.3.1/thumb/v7e-m+fp/hard/crtn.o
 *(.fini)
 .fini          0x0000000008011c78        0x4 C:/ST/STM32CubeIDE_1.14.0/STM32CubeIDE/plugins/com.st.stm32cube.ide.mcu.externaltools.gnu-tools-for-stm32.11.3.rel1.win32_1.1.100.202309141235/tools/bin/../lib/gcc/arm-none-eabi/11.3.1/thumb/v7e-m+fp/hard/crti.o
                0x0000000008011c78                _fini
 .fini          0x0000000008011c7c        0x8 C:/ST/STM32CubeIDE_1.14.0/STM32CubeIDE/plugins/com.st.stm32cube.ide.mcu.externaltools.gnu-tools-for-stm32.11.3.rel1.win32_1.1.100.202309141235/tools/bin/../lib/gcc/arm-none-eabi/11.3.1/thumb/v7e-m+fp/hard/crtn.o
                0x0000000008011c84                . = ALIGN (0x4)
                0x0000000008011c84                _etext = .

.vfp11_veneer   0x0000000008011c84        0x0
 .vfp11_veneer  0x0000000008011c84        0x0 linker stubs

.v4_bx          0x0000000008011c84        0x0
 .v4_bx         0x0000000008011c84        0x0 linker stubs

.iplt           0x0000000008011c84        0x0
 .iplt          0x0000000008011c84        0x0 C:/ST/STM32CubeIDE_1.14.0/STM32CubeIDE/plugins/com.st.stm32cube.ide.mcu.externaltools.gnu-tools-for-stm32.11.3.rel1.win32_1.1.100.202309141235/tools/bin/../lib/gcc/arm-none-eabi/11.3.1/thumb/v7e-m+fp/hard/crtbegin.o

.rodata         0x0000000008011c84       0x3c
                0x0000000008011c84                . = ALIGN (0x4)
 *(.rodata)
 *(.rodata*)
 .rodata.canTiming
                0x0000000008011c84       0x24 ./App/boot.o
 .rodata.AHBPrescTable
                0x0000000008011ca8       0x10 ./Core/Src/system_stm32f4xx.o
                0x0000000008011ca8                AHBPrescTable
 .rodata.APBPrescTable
                0x0000000008011cb8        0x8 ./Core/Src/system_stm32f4xx.o
                0x0000000008011cb8                APBPrescTable
                0x0000000008011cc0                . = ALIGN (0x4)

.ARM.extab      0x0000000008011cc0        0x0
                0x0000000008011cc0                . = ALIGN (0x4)
 *(.ARM.extab* .gnu.linkonce.armextab.*)
                0x0000000008011cc0                . = ALIGN (0x4)

.ARM            0x0000000008011cc0        0x8
                0x0000000008011cc0                . = ALIGN (0x4)
                0x0000000008011cc0                __exidx_start = .
 *(.ARM.exidx*)
 .ARM.exidx     0x0000000008011cc0        0x8 C:/ST/STM32CubeIDE_1.14.0/STM32CubeIDE/plugins/com.st.stm32cube.ide.mcu.externaltools.gnu-tools-for-stm32.11.3.rel1.win32_1.1.100.202309141235/tools/bin/../lib/gcc/arm-none-eabi/11.3.1/thumb/v7e-m+fp/hard\libgcc.a(_udivmoddi4.o)
                0x0000000008011cc8                __exidx_end = .
                0x0000000008011cc8                . = ALIGN (0x4)

.rel.dyn        0x0000000008011cc8        0x0
 .rel.iplt      0x0000000008011cc8        0x0 C:/ST/STM32CubeIDE_1.14.0/STM32CubeIDE/plugins/com.st.stm32cube.ide.mcu.externaltools.gnu-tools-for-stm32.11.3.rel1.win32_1.1.100.202309141235/tools/bin/../lib/gcc/arm-none-eabi/11.3.1/thumb/v7e-m+fp/hard/crtbegin.o

.preinit_array  0x0000000008011cc8        0x0
                0x0000000008011cc8                . = ALIGN (0x4)
                0x0000000008011cc8                PROVIDE (__preinit_array_start = .)
 *(.preinit_array*)
                0x0000000008011cc8                PROVIDE (__preinit_array_end = .)
                0x0000000008011cc8                . = ALIGN (0x4)

.init_array     0x0000000008011cc8        0x4
                0x0000000008011cc8                . = ALIGN (0x4)
                0x0000000008011cc8                PROVIDE (__init_array_start = .)
 *(SORT_BY_NAME(.init_array.*))
 *(.init_array*)
 .init_array    0x0000000008011cc8        0x4 C:/ST/STM32CubeIDE_1.14.0/STM32CubeIDE/plugins/com.st.stm32cube.ide.mcu.externaltools.gnu-tools-for-stm32.11.3.rel1.win32_1.1.100.202309141235/tools/bin/../lib/gcc/arm-none-eabi/11.3.1/thumb/v7e-m+fp/hard/crtbegin.o
                0x0000000008011ccc                PROVIDE (__init_array_end = .)
                0x0000000008011ccc                . = ALIGN (0x4)

.fini_array     0x0000000008011ccc        0x4
                0x0000000008011ccc                . = ALIGN (0x4)
                [!provide]                        PROVIDE (__fini_array_start = .)
 *(SORT_BY_NAME(.fini_array.*))
 *(.fini_array*)
 .fini_array    0x0000000008011ccc        0x4 C:/ST/STM32CubeIDE_1.14.0/STM32CubeIDE/plugins/com.st.stm32cube.ide.mcu.externaltools.gnu-tools-for-stm32.11.3.rel1.win32_1.1.100.202309141235/tools/bin/../lib/gcc/arm-none-eabi/11.3.1/thumb/v7e-m+fp/hard/crtbegin.o
                [!provide]                        PROVIDE (__fini_array_end = .)
                0x0000000008011cd0                . = ALIGN (0x4)
                0x0000000008011cd0                _sidata = LOADADDR (.data)

.data           0x0000000020000000        0xc load address 0x0000000008011cd0
                0x0000000020000000                . = ALIGN (0x4)
                0x0000000020000000                _sdata = .
 *(.data)
 *(.data*)
 .data.SystemCoreClock
                0x0000000020000000        0x4 ./Core/Src/system_stm32f4xx.o
                0x0000000020000000                SystemCoreClock
 .data.uwTickFreq
                0x0000000020000004        0x1 ./Drivers/STM32F4xx_HAL_Driver/Src/stm32f4xx_hal.o
                0x0000000020000004                uwTickFreq
 *fill*         0x0000000020000005        0x3 
 .data.uwTickPrio
                0x0000000020000008        0x4 ./Drivers/STM32F4xx_HAL_Driver/Src/stm32f4xx_hal.o
                0x0000000020000008                uwTickPrio
 *(.RamFunc)
 *(.RamFunc*)
                0x000000002000000c                . = ALIGN (0x4)
                0x000000002000000c                _edata = .
                0x0000000008011cdc                _siccmram = LOADADDR (.ccmram)

.igot.plt       0x000000002000000c        0x0 load address 0x0000000008011cdc
 .igot.plt      0x000000002000000c        0x0 C:/ST/STM32CubeIDE_1.14.0/STM32CubeIDE/plugins/com.st.stm32cube.ide.mcu.externaltools.gnu-tools-for-stm32.11.3.rel1.win32_1.1.100.202309141235/tools/bin/../lib/gcc/arm-none-eabi/11.3.1/thumb/v7e-m+fp/hard/crtbegin.o

.ccmram         0x0000000010000000        0x0 load address 0x0000000008011cdc
                0x0000000010000000                . = ALIGN (0x4)
                0x0000000010000000                _sccmram = .
 *(.ccmram)
 *(.ccmram*)
                0x0000000010000000                . = ALIGN (0x4)
                0x0000000010000000                _eccmram = .
                0x0000000010000000                . = ALIGN (0x4)

.bss            0x000000002000000c      0x118
                0x000000002000000c                _sbss = .
                0x000000002000000c                __bss_start__ = _sbss
 *(.bss)
 .bss           0x000000002000000c       0x1c C:/ST/STM32CubeIDE_1.14.0/STM32CubeIDE/plugins/com.st.stm32cube.ide.mcu.externaltools.gnu-tools-for-stm32.11.3.rel1.win32_1.1.100.202309141235/tools/bin/../lib/gcc/arm-none-eabi/11.3.1/thumb/v7e-m+fp/hard/crtbegin.o
 *(.bss*)
 .bss.canHandle
                0x0000000020000028       0x28 ./App/boot.o
 .bss.rs232Handle
                0x0000000020000050       0x40 ./App/boot.o
 .bss.xcpCtoReqPacket.2
                0x0000000020000090       0x82 ./App/boot.o
 .bss.xcpCtoRxInProgress.3
                0x0000000020000112        0x1 ./App/boot.o
 .bss.xcpCtoRxLength.0
                0x0000000020000113        0x1 ./App/boot.o
 .bss.xcpCtoRxStartTime.1
                0x0000000020000114        0x4 ./App/boot.o
 .bss.led_toggle_state.0
                0x0000000020000118        0x1 ./App/led.o
 *fill*         0x0000000020000119        0x3 
 .bss.timer_counter_last.1
                0x000000002000011c        0x4 ./App/led.o
 .bss.uwTick    0x0000000020000120        0x4 ./Drivers/STM32F4xx_HAL_Driver/Src/stm32f4xx_hal.o
                0x0000000020000120                uwTick
 *(COMMON)
                0x0000000020000124                . = ALIGN (0x4)
                0x0000000020000124                _ebss = .
                0x0000000020000124                __bss_end__ = _ebss

._user_heap_stack
                0x0000000020000124      0x604
                0x0000000020000128                . = ALIGN (0x8)
 *fill*         0x0000000020000124        0x4 
                [!provide]                        PROVIDE (end = .)
                0x0000000020000128                PROVIDE (_end = .)
                0x0000000020000328                . = (. + _Min_Heap_Size)
 *fill*         0x0000000020000128      0x200 
                0x0000000020000728                . = (. + _Min_Stack_Size)
 *fill*         0x0000000020000328      0x400 
                0x0000000020000728                . = ALIGN (0x8)

/DISCARD/
 libc.a(*)
 libm.a(*)
 libgcc.a(*)

.ARM.attributes
                0x0000000000000000       0x30
 *(.ARM.attributes)
 .ARM.attributes
                0x0000000000000000       0x1e C:/ST/STM32CubeIDE_1.14.0/STM32CubeIDE/plugins/com.st.stm32cube.ide.mcu.externaltools.gnu-tools-for-stm32.11.3.rel1.win32_1.1.100.202309141235/tools/bin/../lib/gcc/arm-none-eabi/11.3.1/thumb/v7e-m+fp/hard/crti.o
 .ARM.attributes
                0x000000000000001e       0x34 C:/ST/STM32CubeIDE_1.14.0/STM32CubeIDE/plugins/com.st.stm32cube.ide.mcu.externaltools.gnu-tools-for-stm32.11.3.rel1.win32_1.1.100.202309141235/tools/bin/../lib/gcc/arm-none-eabi/11.3.1/thumb/v7e-m+fp/hard/crtbegin.o
 .ARM.attributes
                0x0000000000000052       0x34 ./App/app.o
 .ARM.attributes
                0x0000000000000086       0x34 ./App/boot.o
 .ARM.attributes
                0x00000000000000ba       0x34 ./App/led.o
 .ARM.attributes
                0x00000000000000ee       0x34 ./App/timer.o
 .ARM.attributes
                0x0000000000000122       0x34 ./Core/Src/main.o
 .ARM.attributes
                0x0000000000000156       0x34 ./Core/Src/stm32f4xx_hal_msp.o
 .ARM.attributes
                0x000000000000018a       0x34 ./Core/Src/stm32f4xx_it.o
 .ARM.attributes
                0x00000000000001be       0x34 ./Core/Src/system_stm32f4xx.o
 .ARM.attributes
                0x00000000000001f2       0x21 ./Core/Startup/startup_stm32f407vgtx.o
 .ARM.attributes
                0x0000000000000213       0x34 ./Drivers/STM32F4xx_HAL_Driver/Src/stm32f4xx_hal.o
 .ARM.attributes
                0x0000000000000247       0x34 ./Drivers/STM32F4xx_HAL_Driver/Src/stm32f4xx_hal_can.o
 .ARM.attributes
                0x000000000000027b       0x34 ./Drivers/STM32F4xx_HAL_Driver/Src/stm32f4xx_hal_cortex.o
 .ARM.attributes
                0x00000000000002af       0x34 ./Drivers/STM32F4xx_HAL_Driver/Src/stm32f4xx_hal_gpio.o
 .ARM.attributes
                0x00000000000002e3       0x34 ./Drivers/STM32F4xx_HAL_Driver/Src/stm32f4xx_hal_rcc.o
 .ARM.attributes
                0x0000000000000317       0x34 ./Drivers/STM32F4xx_HAL_Driver/Src/stm32f4xx_hal_uart.o
 .ARM.attributes
                0x000000000000034b       0x34 C:/ST/STM32CubeIDE_1.14.0/STM32CubeIDE/plugins/com.st.stm32cube.ide.mcu.externaltools.gnu-tools-for-stm32.11.3.rel1.win32_1.1.100.202309141235/tools/bin/../lib/gcc/arm-none-eabi/11.3.1/../../../../arm-none-eabi/lib/thumb/v7e-m+fp/hard\libc_nano.a(libc_a-memset.o)
 .ARM.attributes
                0x000000000000037f       0x34 C:/ST/STM32CubeIDE_1.14.0/STM32CubeIDE/plugins/com.st.stm32cube.ide.mcu.externaltools.gnu-tools-for-stm32.11.3.rel1.win32_1.1.100.202309141235/tools/bin/../lib/gcc/arm-none-eabi/11.3.1/../../../../arm-none-eabi/lib/thumb/v7e-m+fp/hard\libc_nano.a(libc_a-init.o)
 .ARM.attributes
                0x00000000000003b3       0x1e C:/ST/STM32CubeIDE_1.14.0/STM32CubeIDE/plugins/com.st.stm32cube.ide.mcu.externaltools.gnu-tools-for-stm32.11.3.rel1.win32_1.1.100.202309141235/tools/bin/../lib/gcc/arm-none-eabi/11.3.1/thumb/v7e-m+fp/hard\libgcc.a(_aeabi_uldivmod.o)
 .ARM.attributes
                0x00000000000003d1       0x34 C:/ST/STM32CubeIDE_1.14.0/STM32CubeIDE/plugins/com.st.stm32cube.ide.mcu.externaltools.gnu-tools-for-stm32.11.3.rel1.win32_1.1.100.202309141235/tools/bin/../lib/gcc/arm-none-eabi/11.3.1/thumb/v7e-m+fp/hard\libgcc.a(_udivmoddi4.o)
 .ARM.attributes
                0x0000000000000405       0x1e C:/ST/STM32CubeIDE_1.14.0/STM32CubeIDE/plugins/com.st.stm32cube.ide.mcu.externaltools.gnu-tools-for-stm32.11.3.rel1.win32_1.1.100.202309141235/tools/bin/../lib/gcc/arm-none-eabi/11.3.1/thumb/v7e-m+fp/hard\libgcc.a(_dvmd_tls.o)
 .ARM.attributes
                0x0000000000000423       0x1e C:/ST/STM32CubeIDE_1.14.0/STM32CubeIDE/plugins/com.st.stm32cube.ide.mcu.externaltools.gnu-tools-for-stm32.11.3.rel1.win32_1.1.100.202309141235/tools/bin/../lib/gcc/arm-none-eabi/11.3.1/thumb/v7e-m+fp/hard/crtn.o
OUTPUT(My_UserProgram.elf elf32-littlearm)
LOAD linker stubs
LOAD C:/ST/STM32CubeIDE_1.14.0/STM32CubeIDE/plugins/com.st.stm32cube.ide.mcu.externaltools.gnu-tools-for-stm32.11.3.rel1.win32_1.1.100.202309141235/tools/bin/../lib/gcc/arm-none-eabi/11.3.1/../../../../arm-none-eabi/lib/thumb/v7e-m+fp/hard\libc.a
LOAD C:/ST/STM32CubeIDE_1.14.0/STM32CubeIDE/plugins/com.st.stm32cube.ide.mcu.externaltools.gnu-tools-for-stm32.11.3.rel1.win32_1.1.100.202309141235/tools/bin/../lib/gcc/arm-none-eabi/11.3.1/../../../../arm-none-eabi/lib/thumb/v7e-m+fp/hard\libm.a
LOAD C:/ST/STM32CubeIDE_1.14.0/STM32CubeIDE/plugins/com.st.stm32cube.ide.mcu.externaltools.gnu-tools-for-stm32.11.3.rel1.win32_1.1.100.202309141235/tools/bin/../lib/gcc/arm-none-eabi/11.3.1/thumb/v7e-m+fp/hard\libgcc.a

.comment        0x0000000000000000       0x43
 .comment       0x0000000000000000       0x43 C:/ST/STM32CubeIDE_1.14.0/STM32CubeIDE/plugins/com.st.stm32cube.ide.mcu.externaltools.gnu-tools-for-stm32.11.3.rel1.win32_1.1.100.202309141235/tools/bin/../lib/gcc/arm-none-eabi/11.3.1/thumb/v7e-m+fp/hard/crtbegin.o
                                         0x44 (size before relaxing)
 .comment       0x0000000000000043       0x44 ./App/app.o
 .comment       0x0000000000000043       0x44 ./App/boot.o
 .comment       0x0000000000000043       0x44 ./App/led.o
 .comment       0x0000000000000043       0x44 ./App/timer.o
 .comment       0x0000000000000043       0x44 ./Core/Src/main.o
 .comment       0x0000000000000043       0x44 ./Core/Src/stm32f4xx_hal_msp.o
 .comment       0x0000000000000043       0x44 ./Core/Src/stm32f4xx_it.o
 .comment       0x0000000000000043       0x44 ./Core/Src/system_stm32f4xx.o
 .comment       0x0000000000000043       0x44 ./Drivers/STM32F4xx_HAL_Driver/Src/stm32f4xx_hal.o
 .comment       0x0000000000000043       0x44 ./Drivers/STM32F4xx_HAL_Driver/Src/stm32f4xx_hal_can.o
 .comment       0x0000000000000043       0x44 ./Drivers/STM32F4xx_HAL_Driver/Src/stm32f4xx_hal_cortex.o
 .comment       0x0000000000000043       0x44 ./Drivers/STM32F4xx_HAL_Driver/Src/stm32f4xx_hal_gpio.o
 .comment       0x0000000000000043       0x44 ./Drivers/STM32F4xx_HAL_Driver/Src/stm32f4xx_hal_rcc.o
 .comment       0x0000000000000043       0x44 ./Drivers/STM32F4xx_HAL_Driver/Src/stm32f4xx_hal_uart.o

.debug_info     0x0000000000000000     0x90c3
 .debug_info    0x0000000000000000       0xf7 ./App/app.o
 .debug_info    0x00000000000000f7     0x1143 ./App/boot.o
 .debug_info    0x000000000000123a      0x263 ./App/led.o
 .debug_info    0x000000000000149d       0xd2 ./App/timer.o
 .debug_info    0x000000000000156f     0x1284 ./Core/Src/main.o
 .debug_info    0x00000000000027f3      0xd98 ./Core/Src/stm32f4xx_hal_msp.o
 .debug_info    0x000000000000358b      0x120 ./Core/Src/stm32f4xx_it.o
 .debug_info    0x00000000000036ab      0x52b ./Core/Src/system_stm32f4xx.o
 .debug_info    0x0000000000003bd6       0x23 ./Core/Startup/startup_stm32f407vgtx.o
 .debug_info    0x0000000000003bf9      0x9e6 ./Drivers/STM32F4xx_HAL_Driver/Src/stm32f4xx_hal.o
 .debug_info    0x00000000000045df     0x11b1 ./Drivers/STM32F4xx_HAL_Driver/Src/stm32f4xx_hal_can.o
 .debug_info    0x0000000000005790      0xf97 ./Drivers/STM32F4xx_HAL_Driver/Src/stm32f4xx_hal_cortex.o
 .debug_info    0x0000000000006727      0x6f7 ./Drivers/STM32F4xx_HAL_Driver/Src/stm32f4xx_hal_gpio.o
 .debug_info    0x0000000000006e1e      0xa73 ./Drivers/STM32F4xx_HAL_Driver/Src/stm32f4xx_hal_rcc.o
 .debug_info    0x0000000000007891     0x1832 ./Drivers/STM32F4xx_HAL_Driver/Src/stm32f4xx_hal_uart.o

.debug_abbrev   0x0000000000000000     0x1ba1
 .debug_abbrev  0x0000000000000000       0x7c ./App/app.o
 .debug_abbrev  0x000000000000007c      0x34c ./App/boot.o
 .debug_abbrev  0x00000000000003c8      0x16f ./App/led.o
 .debug_abbrev  0x0000000000000537       0x8f ./App/timer.o
 .debug_abbrev  0x00000000000005c6      0x2ad ./Core/Src/main.o
 .debug_abbrev  0x0000000000000873      0x1eb ./Core/Src/stm32f4xx_hal_msp.o
 .debug_abbrev  0x0000000000000a5e       0x7e ./Core/Src/stm32f4xx_it.o
 .debug_abbrev  0x0000000000000adc      0x120 ./Core/Src/system_stm32f4xx.o
 .debug_abbrev  0x0000000000000bfc       0x12 ./Core/Startup/startup_stm32f407vgtx.o
 .debug_abbrev  0x0000000000000c0e      0x242 ./Drivers/STM32F4xx_HAL_Driver/Src/stm32f4xx_hal.o
 .debug_abbrev  0x0000000000000e50      0x26c ./Drivers/STM32F4xx_HAL_Driver/Src/stm32f4xx_hal_can.o
 .debug_abbrev  0x00000000000010bc      0x378 ./Drivers/STM32F4xx_HAL_Driver/Src/stm32f4xx_hal_cortex.o
 .debug_abbrev  0x0000000000001434      0x202 ./Drivers/STM32F4xx_HAL_Driver/Src/stm32f4xx_hal_gpio.o
 .debug_abbrev  0x0000000000001636      0x2c8 ./Drivers/STM32F4xx_HAL_Driver/Src/stm32f4xx_hal_rcc.o
 .debug_abbrev  0x00000000000018fe      0x2a3 ./Drivers/STM32F4xx_HAL_Driver/Src/stm32f4xx_hal_uart.o

.debug_aranges  0x0000000000000000      0x798
 .debug_aranges
                0x0000000000000000       0x28 ./App/app.o
 .debug_aranges
                0x0000000000000028       0x60 ./App/boot.o
 .debug_aranges
                0x0000000000000088       0x28 ./App/led.o
 .debug_aranges
                0x00000000000000b0       0x28 ./App/timer.o
 .debug_aranges
                0x00000000000000d8       0x50 ./Core/Src/main.o
 .debug_aranges
                0x0000000000000128       0x40 ./Core/Src/stm32f4xx_hal_msp.o
 .debug_aranges
                0x0000000000000168       0x60 ./Core/Src/stm32f4xx_it.o
 .debug_aranges
                0x00000000000001c8       0x28 ./Core/Src/system_stm32f4xx.o
 .debug_aranges
                0x00000000000001f0       0x28 ./Core/Startup/startup_stm32f407vgtx.o
 .debug_aranges
                0x0000000000000218       0xf0 ./Drivers/STM32F4xx_HAL_Driver/Src/stm32f4xx_hal.o
 .debug_aranges
                0x0000000000000308      0x138 ./Drivers/STM32F4xx_HAL_Driver/Src/stm32f4xx_hal_can.o
 .debug_aranges
                0x0000000000000440       0xa8 ./Drivers/STM32F4xx_HAL_Driver/Src/stm32f4xx_hal_cortex.o
 .debug_aranges
                0x00000000000004e8       0x58 ./Drivers/STM32F4xx_HAL_Driver/Src/stm32f4xx_hal_gpio.o
 .debug_aranges
                0x0000000000000540       0x88 ./Drivers/STM32F4xx_HAL_Driver/Src/stm32f4xx_hal_rcc.o
 .debug_aranges
                0x00000000000005c8      0x1d0 ./Drivers/STM32F4xx_HAL_Driver/Src/stm32f4xx_hal_uart.o

.debug_rnglists
                0x0000000000000000      0x5c2
 .debug_rnglists
                0x0000000000000000       0x19 ./App/app.o
 .debug_rnglists
                0x0000000000000019       0x45 ./App/boot.o
 .debug_rnglists
                0x000000000000005e       0x19 ./App/led.o
 .debug_rnglists
                0x0000000000000077       0x19 ./App/timer.o
 .debug_rnglists
                0x0000000000000090       0x39 ./Core/Src/main.o
 .debug_rnglists
                0x00000000000000c9       0x2b ./Core/Src/stm32f4xx_hal_msp.o
 .debug_rnglists
                0x00000000000000f4       0x43 ./Core/Src/stm32f4xx_it.o
 .debug_rnglists
                0x0000000000000137       0x1a ./Core/Src/system_stm32f4xx.o
 .debug_rnglists
                0x0000000000000151       0x19 ./Core/Startup/startup_stm32f407vgtx.o
 .debug_rnglists
                0x000000000000016a       0xaf ./Drivers/STM32F4xx_HAL_Driver/Src/stm32f4xx_hal.o
 .debug_rnglists
                0x0000000000000219       0xea ./Drivers/STM32F4xx_HAL_Driver/Src/stm32f4xx_hal_can.o
 .debug_rnglists
                0x0000000000000303       0xa9 ./Drivers/STM32F4xx_HAL_Driver/Src/stm32f4xx_hal_cortex.o
 .debug_rnglists
                0x00000000000003ac       0x3f ./Drivers/STM32F4xx_HAL_Driver/Src/stm32f4xx_hal_gpio.o
 .debug_rnglists
                0x00000000000003eb       0x75 ./Drivers/STM32F4xx_HAL_Driver/Src/stm32f4xx_hal_rcc.o
 .debug_rnglists
                0x0000000000000460      0x162 ./Drivers/STM32F4xx_HAL_Driver/Src/stm32f4xx_hal_uart.o

.debug_macro    0x0000000000000000    0x200c0
 .debug_macro   0x0000000000000000      0x1ff ./App/app.o
 .debug_macro   0x00000000000001ff      0xaa8 ./App/app.o
 .debug_macro   0x0000000000000ca7       0xc9 ./App/app.o
 .debug_macro   0x0000000000000d70       0x2e ./App/app.o
 .debug_macro   0x0000000000000d9e       0x2f ./App/app.o
 .debug_macro   0x0000000000000dcd       0x22 ./App/app.o
 .debug_macro   0x0000000000000def       0x8e ./App/app.o
 .debug_macro   0x0000000000000e7d       0x51 ./App/app.o
 .debug_macro   0x0000000000000ece      0x103 ./App/app.o
 .debug_macro   0x0000000000000fd1       0x6a ./App/app.o
 .debug_macro   0x000000000000103b      0x1df ./App/app.o
 .debug_macro   0x000000000000121a       0x1c ./App/app.o
 .debug_macro   0x0000000000001236       0x22 ./App/app.o
 .debug_macro   0x0000000000001258       0xd9 ./App/app.o
 .debug_macro   0x0000000000001331     0x102d ./App/app.o
 .debug_macro   0x000000000000235e      0x11f ./App/app.o
 .debug_macro   0x000000000000247d    0x15e97 ./App/app.o
 .debug_macro   0x0000000000018314       0x43 ./App/app.o
 .debug_macro   0x0000000000018357      0x294 ./App/app.o
 .debug_macro   0x00000000000185eb     0x3659 ./App/app.o
 .debug_macro   0x000000000001bc44      0x174 ./App/app.o
 .debug_macro   0x000000000001bdb8       0x5a ./App/app.o
 .debug_macro   0x000000000001be12      0x96b ./App/app.o
 .debug_macro   0x000000000001c77d      0x9fe ./App/app.o
 .debug_macro   0x000000000001d17b      0x117 ./App/app.o
 .debug_macro   0x000000000001d292      0x13e ./App/app.o
 .debug_macro   0x000000000001d3d0       0x27 ./App/app.o
 .debug_macro   0x000000000001d3f7      0x174 ./App/app.o
 .debug_macro   0x000000000001d56b      0x287 ./App/app.o
 .debug_macro   0x000000000001d7f2       0x5f ./App/app.o
 .debug_macro   0x000000000001d851      0x236 ./App/app.o
 .debug_macro   0x000000000001da87      0x40f ./App/app.o
 .debug_macro   0x000000000001de96      0x12c ./App/app.o
 .debug_macro   0x000000000001dfc2      0x21e ./App/app.o
 .debug_macro   0x000000000001e1e0       0x2e ./App/app.o
 .debug_macro   0x000000000001e20e      0x11a ./App/app.o
 .debug_macro   0x000000000001e328       0x7e ./App/app.o
 .debug_macro   0x000000000001e3a6       0x89 ./App/app.o
 .debug_macro   0x000000000001e42f      0x287 ./App/app.o
 .debug_macro   0x000000000001e6b6      0x12d ./App/app.o
 .debug_macro   0x000000000001e7e3      0x205 ./App/boot.o
 .debug_macro   0x000000000001e9e8      0x205 ./App/led.o
 .debug_macro   0x000000000001ebed      0x1ff ./App/timer.o
 .debug_macro   0x000000000001edec      0x209 ./Core/Src/main.o
 .debug_macro   0x000000000001eff5      0x1ce ./Core/Src/stm32f4xx_hal_msp.o
 .debug_macro   0x000000000001f1c3      0x1d8 ./Core/Src/stm32f4xx_it.o
 .debug_macro   0x000000000001f39b      0x1ca ./Core/Src/system_stm32f4xx.o
 .debug_macro   0x000000000001f565      0x224 ./Drivers/STM32F4xx_HAL_Driver/Src/stm32f4xx_hal.o
 .debug_macro   0x000000000001f789      0x1cc ./Drivers/STM32F4xx_HAL_Driver/Src/stm32f4xx_hal_can.o
 .debug_macro   0x000000000001f955      0x1c4 ./Drivers/STM32F4xx_HAL_Driver/Src/stm32f4xx_hal_cortex.o
 .debug_macro   0x000000000001fb19      0x1fa ./Drivers/STM32F4xx_HAL_Driver/Src/stm32f4xx_hal_gpio.o
 .debug_macro   0x000000000001fd13      0x1e8 ./Drivers/STM32F4xx_HAL_Driver/Src/stm32f4xx_hal_rcc.o
 .debug_macro   0x000000000001fefb      0x1c5 ./Drivers/STM32F4xx_HAL_Driver/Src/stm32f4xx_hal_uart.o

.debug_line     0x0000000000000000     0xb264
 .debug_line    0x0000000000000000      0x809 ./App/app.o
 .debug_line    0x0000000000000809      0xb9b ./App/boot.o
 .debug_line    0x00000000000013a4      0x84a ./App/led.o
 .debug_line    0x0000000000001bee      0x805 ./App/timer.o
 .debug_line    0x00000000000023f3      0xa35 ./Core/Src/main.o
 .debug_line    0x0000000000002e28      0x868 ./Core/Src/stm32f4xx_hal_msp.o
 .debug_line    0x0000000000003690      0x822 ./Core/Src/stm32f4xx_it.o
 .debug_line    0x0000000000003eb2      0x7f9 ./Core/Src/system_stm32f4xx.o
 .debug_line    0x00000000000046ab       0x7a ./Core/Startup/startup_stm32f407vgtx.o
 .debug_line    0x0000000000004725      0xa92 ./Drivers/STM32F4xx_HAL_Driver/Src/stm32f4xx_hal.o
 .debug_line    0x00000000000051b7     0x161c ./Drivers/STM32F4xx_HAL_Driver/Src/stm32f4xx_hal_can.o
 .debug_line    0x00000000000067d3      0xcd5 ./Drivers/STM32F4xx_HAL_Driver/Src/stm32f4xx_hal_cortex.o
 .debug_line    0x00000000000074a8      0xc2e ./Drivers/STM32F4xx_HAL_Driver/Src/stm32f4xx_hal_gpio.o
 .debug_line    0x00000000000080d6     0x102c ./Drivers/STM32F4xx_HAL_Driver/Src/stm32f4xx_hal_rcc.o
 .debug_line    0x0000000000009102     0x2162 ./Drivers/STM32F4xx_HAL_Driver/Src/stm32f4xx_hal_uart.o

.debug_str      0x0000000000000000    0xc0e64
 .debug_str     0x0000000000000000    0xbe295 ./App/app.o
                                      0xbe4ec (size before relaxing)
 .debug_str     0x00000000000be295      0x9e2 ./App/boot.o
                                      0xbef40 (size before relaxing)
 .debug_str     0x00000000000bec77       0xc5 ./App/led.o
                                      0xbe591 (size before relaxing)
 .debug_str     0x00000000000bed3c       0x1b ./App/timer.o
                                      0xbe4cb (size before relaxing)
 .debug_str     0x00000000000bed57      0x2f8 ./Core/Src/main.o
                                      0xbef64 (size before relaxing)
 .debug_str     0x00000000000bf04f       0x8d ./Core/Src/stm32f4xx_hal_msp.o
                                      0xbe944 (size before relaxing)
 .debug_str     0x00000000000bf0dc       0xc9 ./Core/Src/stm32f4xx_it.o
                                      0xbe196 (size before relaxing)
 .debug_str     0x00000000000bf1a5       0x9c ./Core/Src/system_stm32f4xx.o
                                      0xbe2d5 (size before relaxing)
 .debug_str     0x00000000000bf241       0x34 ./Core/Startup/startup_stm32f407vgtx.o
                                         0x8d (size before relaxing)
 .debug_str     0x00000000000bf275      0xafb ./Drivers/STM32F4xx_HAL_Driver/Src/stm32f4xx_hal.o
                                      0xbee44 (size before relaxing)
 .debug_str     0x00000000000bfd70      0x460 ./Drivers/STM32F4xx_HAL_Driver/Src/stm32f4xx_hal_can.o
                                      0xbe9ac (size before relaxing)
 .debug_str     0x00000000000c01d0      0x34e ./Drivers/STM32F4xx_HAL_Driver/Src/stm32f4xx_hal_cortex.o
                                      0xbeb77 (size before relaxing)
 .debug_str     0x00000000000c051e      0x1ce ./Drivers/STM32F4xx_HAL_Driver/Src/stm32f4xx_hal_gpio.o
                                      0xbe4e8 (size before relaxing)
 .debug_str     0x00000000000c06ec      0x22f ./Drivers/STM32F4xx_HAL_Driver/Src/stm32f4xx_hal_rcc.o
                                      0xbe705 (size before relaxing)
 .debug_str     0x00000000000c091b      0x549 ./Drivers/STM32F4xx_HAL_Driver/Src/stm32f4xx_hal_uart.o
                                      0xbeb7d (size before relaxing)

.debug_frame    0x0000000000000000     0x11c0
 .debug_frame   0x0000000000000000       0x40 ./App/app.o
 .debug_frame   0x0000000000000040       0xfc ./App/boot.o
 .debug_frame   0x000000000000013c       0x40 ./App/led.o
 .debug_frame   0x000000000000017c       0x38 ./App/timer.o
 .debug_frame   0x00000000000001b4       0xb8 ./Core/Src/main.o
 .debug_frame   0x000000000000026c       0x98 ./Core/Src/stm32f4xx_hal_msp.o
 .debug_frame   0x0000000000000304       0xa8 ./Core/Src/stm32f4xx_it.o
 .debug_frame   0x00000000000003ac       0x30 ./Core/Src/system_stm32f4xx.o
 .debug_frame   0x00000000000003dc      0x1ec ./Drivers/STM32F4xx_HAL_Driver/Src/stm32f4xx_hal.o
 .debug_frame   0x00000000000005c8      0x2d8 ./Drivers/STM32F4xx_HAL_Driver/Src/stm32f4xx_hal_can.o
 .debug_frame   0x00000000000008a0      0x148 ./Drivers/STM32F4xx_HAL_Driver/Src/stm32f4xx_hal_cortex.o
 .debug_frame   0x00000000000009e8       0xd8 ./Drivers/STM32F4xx_HAL_Driver/Src/stm32f4xx_hal_gpio.o
 .debug_frame   0x0000000000000ac0      0x16c ./Drivers/STM32F4xx_HAL_Driver/Src/stm32f4xx_hal_rcc.o
 .debug_frame   0x0000000000000c2c      0x4e8 ./Drivers/STM32F4xx_HAL_Driver/Src/stm32f4xx_hal_uart.o
 .debug_frame   0x0000000000001114       0x20 C:/ST/STM32CubeIDE_1.14.0/STM32CubeIDE/plugins/com.st.stm32cube.ide.mcu.externaltools.gnu-tools-for-stm32.11.3.rel1.win32_1.1.100.202309141235/tools/bin/../lib/gcc/arm-none-eabi/11.3.1/../../../../arm-none-eabi/lib/thumb/v7e-m+fp/hard\libc_nano.a(libc_a-memset.o)
 .debug_frame   0x0000000000001134       0x2c C:/ST/STM32CubeIDE_1.14.0/STM32CubeIDE/plugins/com.st.stm32cube.ide.mcu.externaltools.gnu-tools-for-stm32.11.3.rel1.win32_1.1.100.202309141235/tools/bin/../lib/gcc/arm-none-eabi/11.3.1/../../../../arm-none-eabi/lib/thumb/v7e-m+fp/hard\libc_nano.a(libc_a-init.o)
 .debug_frame   0x0000000000001160       0x2c C:/ST/STM32CubeIDE_1.14.0/STM32CubeIDE/plugins/com.st.stm32cube.ide.mcu.externaltools.gnu-tools-for-stm32.11.3.rel1.win32_1.1.100.202309141235/tools/bin/../lib/gcc/arm-none-eabi/11.3.1/thumb/v7e-m+fp/hard\libgcc.a(_aeabi_uldivmod.o)
 .debug_frame   0x000000000000118c       0x34 C:/ST/STM32CubeIDE_1.14.0/STM32CubeIDE/plugins/com.st.stm32cube.ide.mcu.externaltools.gnu-tools-for-stm32.11.3.rel1.win32_1.1.100.202309141235/tools/bin/../lib/gcc/arm-none-eabi/11.3.1/thumb/v7e-m+fp/hard\libgcc.a(_udivmoddi4.o)

.debug_loclists
                0x0000000000000000     0x26d9
 .debug_loclists
                0x0000000000000000       0xf4 ./App/boot.o
 .debug_loclists
                0x00000000000000f4       0x2e ./App/led.o
 .debug_loclists
                0x0000000000000122       0xac ./Core/Src/stm32f4xx_hal_msp.o
 .debug_loclists
                0x00000000000001ce       0xdb ./Core/Src/system_stm32f4xx.o
 .debug_loclists
                0x00000000000002a9       0xc9 ./Drivers/STM32F4xx_HAL_Driver/Src/stm32f4xx_hal.o
 .debug_loclists
                0x0000000000000372      0x85c ./Drivers/STM32F4xx_HAL_Driver/Src/stm32f4xx_hal_can.o
 .debug_loclists
                0x0000000000000bce      0x4db ./Drivers/STM32F4xx_HAL_Driver/Src/stm32f4xx_hal_cortex.o
 .debug_loclists
                0x00000000000010a9      0x349 ./Drivers/STM32F4xx_HAL_Driver/Src/stm32f4xx_hal_gpio.o
 .debug_loclists
                0x00000000000013f2      0x3a9 ./Drivers/STM32F4xx_HAL_Driver/Src/stm32f4xx_hal_rcc.o
 .debug_loclists
                0x000000000000179b      0xf3e ./Drivers/STM32F4xx_HAL_Driver/Src/stm32f4xx_hal_uart.o

.debug_line_str
                0x0000000000000000       0x81
 .debug_line_str
                0x0000000000000000       0x81 ./Core/Startup/startup_stm32f407vgtx.o
                                         0x99 (size before relaxing)
