C:/Users/bjvyhb/OneDrive - PHINIA/Desktop/FastBit/openBLT/openblt_v011600/Target/Source/backdoor.c:85:6:BackDoorInit	8	static
C:/Users/bjvyhb/OneDrive - PHINIA/Desktop/FastBit/openBLT/openblt_v011600/Target/Source/backdoor.c:124:6:BackDoorCheck	8	static
C:/Users/bjvyhb/OneDrive - PHINIA/Desktop/FastBit/openBLT/openblt_v011600/Target/Source/backdoor.c:182:6:BackDoorSetExtension	16	static
C:/Users/bjvyhb/OneDrive - PHINIA/Desktop/FastBit/openBLT/openblt_v011600/Target/Source/backdoor.c:195:12:BackDoorGetExtension	4	static
C:/Users/bjvyhb/OneDrive - PHINIA/Desktop/FastBit/openBLT/openblt_v011600/Target/Source/backdoor.c:210:6:BackDoorRestartTimer	8	static
