C:/Users/bjvyhb/OneDrive - PHINIA/Desktop/FastBit/openBLT/openblt_v011600/Target/Source/com.c:61:6:ComInit	8	static
C:/Users/bjvyhb/OneDrive - PHINIA/Desktop/FastBit/openBLT/openblt_v011600/Target/Source/com.c:100:6:ComTask	16	static
C:/Users/bjvyhb/OneDrive - PHINIA/Desktop/FastBit/openBLT/openblt_v011600/Target/Source/com.c:150:6:ComFree	8	static
C:/Users/bjvyhb/OneDrive - PHINIA/Desktop/FastBit/openBLT/openblt_v011600/Target/Source/com.c:166:6:ComTransmitPacket	16	static
C:/Users/bjvyhb/OneDrive - PHINIA/Desktop/FastBit/openBLT/openblt_v011600/Target/Source/com.c:212:12:ComGetActiveInterfaceMaxRxLen	16	static
C:/Users/bjvyhb/OneDrive - PHINIA/Desktop/FastBit/openBLT/openblt_v011600/Target/Source/com.c:250:12:ComGetActiveInterfaceMaxTxLen	16	static
C:/Users/bjvyhb/OneDrive - PHINIA/Desktop/FastBit/openBLT/openblt_v011600/Target/Source/com.c:287:10:ComIsConnected	16	static
