C:/Users/bjvyhb/OneDrive - PHINIA/Desktop/FastBit/openBLT/openblt_v011600/Target/Source/file.c:110:6:FileInit	16	static
C:/Users/bjvyhb/OneDrive - PHINIA/Desktop/FastBit/openBLT/openblt_v011600/Target/Source/file.c:129:10:FileIsIdle	4	static
C:/Users/bjvyhb/OneDrive - PHINIA/Desktop/FastBit/openBLT/openblt_v011600/Target/Source/file.c:146:10:FileHandleFirmwareUpdateRequest	8	static
C:/Users/bjvyhb/OneDrive - PHINIA/Desktop/FastBit/openBLT/openblt_v011600/Target/Source/file.c:180:6:FileTask	16	static
C:/Users/bjvyhb/OneDrive - PHINIA/Desktop/FastBit/openBLT/openblt_v011600/Target/Source/file.c:519:15:FileSrecGetLineType	24	static
C:/Users/bjvyhb/OneDrive - PHINIA/Desktop/FastBit/openBLT/openblt_v011600/Target/Source/file.c:552:10:FileSrecVerifyChecksum	24	static
C:/Users/bjvyhb/OneDrive - PHINIA/Desktop/FastBit/openBLT/openblt_v011600/Target/Source/file.c:603:12:FileSrecParseLine	40	static
C:/Users/bjvyhb/OneDrive - PHINIA/Desktop/FastBit/openBLT/openblt_v011600/Target/Source/file.c:730:17:FileLibByteNibbleToChar	24	static
C:/Users/bjvyhb/OneDrive - PHINIA/Desktop/FastBit/openBLT/openblt_v011600/Target/Source/file.c:758:18:FileLibByteToHexString	24	static
C:/Users/bjvyhb/OneDrive - PHINIA/Desktop/FastBit/openBLT/openblt_v011600/Target/Source/file.c:780:18:FileLibLongToIntString	24	static
C:/Users/bjvyhb/OneDrive - PHINIA/Desktop/FastBit/openBLT/openblt_v011600/Target/Source/file.c:820:18:FileLibHexStringToByte	24	static
